Microchip MPLAB XC8 Compiler V2.32

Linker command line:

-W-3 --edf=C:\Program Files\Microchip\xc8\v2.32\pic\dat\en_msgs.txt -cn \
  -h+dist/default/production\galeoTesterBiModuleMasterBLE.X.production.sym \
  --cmf=dist/default/production\galeoTesterBiModuleMasterBLE.X.production.cmf \
  -z -Q16LF1939 -oC:\Users\Michel\AppData\Local\Temp\xcAs2h4.4 \
  --defsym=__MPLAB_BUILD=1 \
  -Mdist/default/production/galeoTesterBiModuleMasterBLE.X.production.map \
  -E1 -ver=XC8 Compiler --acfsm=1493 -ASTACK=021BAh-023EFh -pstack=STACK \
  -ACODE=00h-07FFhx8 -ASTRCODE=00h-03FFFh -ASTRING=00h-0FFhx64 \
  -ACONST=00h-0FFhx64 -AENTRY=00h-0FFhx64 -ACOMMON=070h-07Fh \
  -ABANK0=020h-06Fh -ABANK1=0A0h-0EFh -ABANK2=0120h-016Fh \
  -ABANK3=01A0h-01EFh -ABANK4=0220h-026Fh -ABANK5=02A0h-02EFh \
  -ABANK6=0320h-036Fh -ABANK7=03A0h-03EFh -ABANK8=0420h-046Fh \
  -ABANK9=04A0h-04EFh -ABANK10=0520h-056Fh -ABANK11=05A0h-05EFh \
  -ABANK12=0620h-064Fh -ABIGRAM=02000h-023EFh \
  -ARAM=020h-06Fh,0A0h-0EFh,0120h-016Fh,01A0h-01EFh,0220h-026Fh,02A0h-02EFh,0320h-036Fh,03A0h-03EFh,0420h-046Fh,04A0h-04EFh,0520h-056Fh,05A0h-05EFh,0620h-064Fh \
  -AABS1=020h-07Fh,0A0h-0EFh,0120h-016Fh,01A0h-01EFh,0220h-026Fh,02A0h-02EFh,0320h-036Fh,03A0h-03EFh,0420h-046Fh,04A0h-04EFh,0520h-056Fh,05A0h-05EFh,0620h-064Fh \
  -ASFR0=00h-01Fh -ASFR1=080h-09Fh -ASFR2=0100h-011Fh -ASFR3=0180h-019Fh \
  -ASFR4=0200h-021Fh -ASFR5=0280h-029Fh -ASFR6=0300h-031Fh \
  -ASFR7=0380h-039Fh -ASFR8=0400h-041Fh -ASFR9=0480h-049Fh \
  -ASFR10=0500h-051Fh -ASFR11=0580h-059Fh -ASFR12=0600h-061Fh \
  -ASFR13=0680h-06EFh -ASFR14=0700h-076Fh -ASFR15=0780h-07EFh \
  -ASFR16=0800h-086Fh -ASFR17=0880h-08EFh -ASFR18=0900h-096Fh \
  -ASFR19=0980h-09EFh -ASFR20=0A00h-0A6Fh -ASFR21=0A80h-0AEFh \
  -ASFR22=0B00h-0B6Fh -ASFR23=0B80h-0BEFh -ASFR24=0C00h-0C6Fh \
  -ASFR25=0C80h-0CEFh -ASFR26=0D00h-0D6Fh -ASFR27=0D80h-0DEFh \
  -ASFR28=0E00h-0E6Fh -ASFR29=0E80h-0EEFh -ASFR30=0F00h-0F6Fh \
  -ASFR31=0F80h-0FEFh -ACONFIG=08007h-08008h -DCONFIG=2 \
  -AIDLOC=08000h-08003h -DIDLOC=2 -AEEDATA=00h-0FFh/0F000h \
  -peeprom_data=EEDATA -DEEDATA=2 -DCODE=2 -DSTRCODE=2 -DSTRING=2 -DCONST=2 \
  -DENTRY=2 -preset_vec=00h,intentry=04h,init,end_init -ppowerup=CODE \
  -pcinit=CODE -pfunctab=ENTRY -k \
  C:\Users\Michel\AppData\Local\Temp\xcAs2h4.o \
  dist/default/production\galeoTesterBiModuleMasterBLE.X.production.o 

Object code version is 3.11

Machine type is 16LF1939



                Name                               Link     Load   Length Selector   Space Scale
C:\Users\Michel\AppData\Local\Temp\xcAs2h4.o
                end_init                             4A       4A        2        8       0
                reset_vec                             0        0        2        0       0
                config                             8007     8007        2        0       4
                idloc                              8000     8000        4        0       5
dist/default/production\galeoTesterBiModuleMasterBLE.X.production.o
                cinit                                4C       4C       45        8       0
                intentry                              4        4       46        8       0
                maintext_split_3                    805      805      7FB     100A       0
                maintext_split_2                   14E0     14E0      320     29C0       0
                maintext_split_1                   1C70     1C70      11C     38E0       0
                config                             8007     8007        2        0       4
                idloc                              8000     8000        4        0       5
                text135                            2064     2064       1B     40C8       0
                text134                            2D27     2D27        4     5A4E       0
                text133                            2D16     2D16        1     5A2C       0
                text132                            2D2B     2D2B        4     5A56       0
                text131                            24F6     24F6       41     49EC       0
                text130                            2170     2170       22     42E0       0
                text129                            2D18     2D18        3     5A30       0
                text128                            2D1B     2D1B        3     5A36       0
                text127                            2EED     2EED       10     5DDA       0
                text126                            22BE     22BE       2A     457C       0
                text125                            2E3F     2E3F        D     5C7E       0
                text124                            2F1D     2F1D       11     5E3A       0
                text123                            2F2E     2F2E       11     5E5C       0
                text122                            2F3F     2F3F       11     5E7E       0
                text121                            2F50     2F50       11     5EA0       0
                text120                            2FB7     2FB7       18     5F6E       0
                text119                            1000     1000        2     100A       0
                text118                               2        2        2        0       0
                text117                            2D1E     2D1E        3     5A3C       0
                text116                            2D2F     2D2F        4     5A5E       0
                text115                            2D21     2D21        3     5A42       0
                text114                            2D33     2D33        4     5A66       0
                text113                            2D3B     2D3B        5     5A76       0
                text112                            2D8B     2D8B        6     5B16       0
                text111                            2D24     2D24        3     5A48       0
                text110                            239C     239C       2F     4738       0
                text109                            2D40     2D40        5     5A80       0
                text108                            2DC7     2DC7        9     5B8E       0
                text107                            2DB7     2DB7        8     5B6E       0
                text106                            26F6     26F6       57     4DEC       0
                text105                            2537     2537       46     4A6E       0
                text104                            2DA9     2DA9        7     5B52       0
                text103                            2D45     2D45        5     5A8A       0
                text102                            2D4A     2D4A        5     5A94       0
                text101                            2D4F     2D4F        5     5A9E       0
                text100                            2D54     2D54        5     5AA8       0
                text99                             2D59     2D59        5     5AB2       0
                text98                             2D5E     2D5E        5     5ABC       0
                text97                             2D63     2D63        5     5AC6       0
                text96                             2D68     2D68        5     5AD0       0
                text95                             2314     2314       2D     4628       0
                text94                              7FD      7FD        3        8       0
                text93                             236E     236E       2E     46DC       0
                text92                             2D37     2D37        4     5A6E       0
                text90                             212E     212E       21     425C       0
                text89                             2E10     2E10        B     5C20       0
                text88                             2ECF     2ECF        F     5D9E       0
                text87                             2DBF     2DBF        8     5B7E       0
                text86                             2DD0     2DD0        9     5BA0       0
                text85                             2DD9     2DD9        9     5BB2       0
                text84                             2DE2     2DE2        9     5BC4       0
                text83                             2DEB     2DEB        9     5BD6       0
                text82                             2DF4     2DF4        9     5BE8       0
                text81                             25C3     25C3       48     4B86       0
                text80                             2E1B     2E1B        C     5C36       0
                text79                             20D1     20D1       1F     41A2       0
                text78                             1800     1800        4     29C0       0
                text77                             2EFD     2EFD       10     5DFA       0
                text76                             20F0     20F0       1F     41E0       0
                text75                             2E4C     2E4C        D     5C98       0
                text74                             2E27     2E27        C     5C4E       0
                text73                             2D91     2D91        6     5B22       0
                text72                             2D97     2D97        6     5B2E       0
                text71                             2F0D     2F0D       10     5E1A       0
                text70                             2F75     2F75       15     5EEA       0
                text69                             2FCF     2FCF       18     5F9E       0
                text68                             2000     2000       18     3D5C       0
                text67                             2DFD     2DFD        9     5BFA       0
                text66                             23CB     23CB       2F     4796       0
                text65                             2FE7     2FE7       19     5FCE       0
                text64                             210F     210F       1F     421E       0
                text63                             2653     2653       51     4CA6       0
                text62                             22E8     22E8       2C     45D0       0
                text61                             260B     260B       48     4C16       0
                text60                             2E59     2E59        D     5CB2       0
                text59                             2E66     2E66        D     5CCC       0
                text58                             2E73     2E73        D     5CE6       0
                text57                             1B6B     1B6B      105     36D6       0
                text56                             1980     1980       ED     3300       0
                text55                             20B5     20B5       1C     416A       0
                text54                             2341     2341       2D     4682       0
                text53                             2DB0     2DB0        7     5B60       0
                text52                             26A4     26A4       52     4D48       0
                text51                             2295     2295       29     452A       0
                text50                             204A     204A       1A     4094       0
                text49                             27A4     27A4       5C     4F48       0
                text48                             10DA     10DA      170     21B4       0
                text47                             1D8C     1D8C      122     3B18       0
                text46                             248A     248A       34     4914       0
                text45                             2F8A     2F8A       16     5F14       0
                text44                             2246     2246       27     448C       0
                text43                             2FA0     2FA0       17     5F40       0
                text42                             186B     186B       89     30D6       0
                text41                             23FA     23FA       2F     47F4       0
                text40                             207F     207F       1B     40FE       0
                text39                             209A     209A       1B     4134       0
                text38                             1045     1045       95     208A       0
                text37                             1804     1804       67     3008       0
                text36                             2E80     2E80        D     5D00       0
                text35                             2E8D     2E8D        D     5D1A       0
                text34                             2E9A     2E9A        D     5D34       0
                text33                             2EA7     2EA7        D     5D4E       0
                text32                              7B2      7B2       4B        8       0
                text31                             274D     274D       57     4E9A       0
                text30                             2192     2192       23     4324       0
                text29                             21B5     21B5       23     436A       0
                text28                             21D8     21D8       23     43B0       0
                text27                             1EAE     1EAE      152     3D5C       0
                text26                             257D     257D       46     4AFA       0
                text25                             2D6D     2D6D        5     5ADA       0
                text24                             18F4     18F4       8C     31E8       0
                text23                             2018     2018       19     4030       0
                text22                               91       91      3B2        8       0
                text21                             2D72     2D72        5     5AE4       0
                text20                             2D77     2D77        5     5AEE       0
                text19                             2D7C     2D7C        5     5AF8       0
                text18                             2D81     2D81        5     5B02       0
                text17                             2D86     2D86        5     5B0C       0
                text16                              443      443      36F        8       0
                text15                             2031     2031       19     4062       0
                text14                             2EC1     2EC1        E     5D82       0
                text13                             21FB     21FB       25     43F6       0
                text12                             1002     1002       43     2004       0
                text11                             2E33     2E33        C     5C66       0
                text10                             2459     2459       31     48B2       0
                text9                              2EDE     2EDE        F     5DBC       0
                text8                               800      800        5     1000       0
                text7                              2220     2220       26     4440       0
                text6                              214F     214F       21     429E       0
                text5                              1A6D     1A6D       FE     34DA       0
                text4                              2EB4     2EB4        D     5D68       0
                text3                              24BE     24BE       38     497C       0
                text2                              2429     2429       30     4852       0
                text1                              2E06     2E06        A     5C0C       0
                maintext                           124A     124A      296     2494       0
                cstackBANK0                          20       20       4A       20       1
                cstackCOMMON                         70       70        D       70       1
                cstackBANK1                          A0       A0       3F       A0       1
                cstackBANK2                         120      120       25      120       1
                cstackBANK5                         2A0      2A0       2A      2A0       1
                clrtext                            2D9D     2D9D        6     5B3A       0
                inittext                           2DA3     2DA3        6     5B46       0
                dataBANK4                           220      220       28      220       1
                bssBANK4                            248      248       20      220       1
                dataBANK3                           1DB      1DB       14      1A0       1
                bssBANK3                            1A0      1A0       3B      1A0       1
                bssBANK2                            145      145        6      120       1
                dataBANK1                            EE       EE        1       A0       1
                bssBANK1                             DF       DF        F       A0       1
                bssBANK0                             6A       6A        3       20       1
                bssCOMMON                            7D       7D        1       70       1
                stringtext121                      3660     3660        2     6000       0
                stringtext120                      365D     365D        3     6000       0
                stringtext119                      3655     3655        8     6000       0
                stringtext118                      364D     364D        8     6000       0
                stringtext117                      3645     3645        8     6000       0
                stringtext116                      363D     363D        8     6000       0
                stringtext115                      3635     3635        8     6000       0
                stringtext114                      362D     362D        8     6000       0
                stringtext113                      3625     3625        8     6000       0
                stringtext112                      361D     361D        8     6000       0
                stringtext111                      3615     3615        8     6000       0
                stringtext110                      360D     360D        8     6000       0
                stringtext109                      3605     3605        8     6000       0
                stringtext108                      35FC     35FC        9     6000       0
                stringtext107                      35F3     35F3        9     6000       0
                stringtext106                      35EA     35EA        9     6000       0
                stringtext105                      35E1     35E1        9     6000       0
                stringtext104                      35D8     35D8        9     6000       0
                stringtext103                      35CF     35CF        9     6000       0
                stringtext102                      35C6     35C6        9     6000       0
                stringtext101                      35BD     35BD        9     6000       0
                stringtext100                      35B4     35B4        9     6000       0
                stringtext99                       35A9     35A9        B     6000       0
                stringtext98                       359E     359E        B     6000       0
                stringtext97                       3592     3592        C     6000       0
                stringtext96                       3586     3586        C     6000       0
                stringtext95                       357A     357A        C     6000       0
                stringtext94                       356E     356E        C     6000       0
                stringtext93                       3562     3562        C     6000       0
                stringtext92                       3556     3556        C     6000       0
                stringtext91                       354A     354A        C     6000       0
                stringtext90                       353E     353E        C     6000       0
                stringtext89                       3532     3532        C     6000       0
                stringtext88                       3526     3526        C     6000       0
                stringtext87                       351A     351A        C     6000       0
                stringtext86                       350D     350D        D     6000       0
                stringtext85                       3500     3500        D     6000       0
                stringtext84                       34F3     34F3        D     6000       0
                stringtext83                       34E6     34E6        D     6000       0
                stringtext82                       34D9     34D9        D     6000       0
                stringtext81                       34CC     34CC        D     6000       0
                stringtext80                       34BF     34BF        D     6000       0
                stringtext79                       34B2     34B2        D     6000       0
                stringtext78                       34A5     34A5        D     6000       0
                stringtext77                       3498     3498        D     6000       0
                stringtext76                       348A     348A        E     6000       0
                stringtext75                       347C     347C        E     6000       0
                stringtext74                       346E     346E        E     6000       0
                stringtext73                       345F     345F        F     6000       0
                stringtext72                       3450     3450        F     6000       0
                stringtext71                       3441     3441        F     6000       0
                stringtext70                       3432     3432        F     6000       0
                stringtext69                       3423     3423        F     6000       0
                stringtext68                       3414     3414        F     6000       0
                stringtext67                       3405     3405        F     6000       0
                stringtext66                       33F6     33F6        F     6000       0
                stringtext65                       33E7     33E7        F     6000       0
                stringtext64                       33D7     33D7       10     6000       0
                stringtext63                       33C7     33C7       10     6000       0
                stringtext62                       33B6     33B6       11     6000       0
                stringtext61                       33A5     33A5       11     6000       0
                stringtext60                       3394     3394       11     6000       0
                stringtext59                       3383     3383       11     6000       0
                stringtext58                       3372     3372       11     6000       0
                stringtext57                       3361     3361       11     6000       0
                stringtext56                       3350     3350       11     6000       0
                stringtext55                       333F     333F       11     6000       0
                stringtext54                       332E     332E       11     6000       0
                stringtext53                       331D     331D       11     6000       0
                stringtext52                       330C     330C       11     6000       0
                stringtext51                       32FB     32FB       11     6000       0
                stringtext50                       32EA     32EA       11     6000       0
                stringtext49                       32D9     32D9       11     6000       0
                stringtext48                       32C8     32C8       11     6000       0
                stringtext47                       32B7     32B7       11     6000       0
                stringtext46                       32A5     32A5       12     6000       0
                stringtext45                       3293     3293       12     6000       0
                stringtext44                       3281     3281       12     6000       0
                stringtext43                       326F     326F       12     6000       0
                stringtext42                       325D     325D       12     6000       0
                stringtext41                       324B     324B       12     6000       0
                stringtext40                       3239     3239       12     6000       0
                stringtext39                       3227     3227       12     6000       0
                stringtext38                       3215     3215       12     6000       0
                stringtext37                       3203     3203       12     6000       0
                stringtext36                       31F1     31F1       12     6000       0
                stringtext35                       31DF     31DF       12     6000       0
                stringtext34                       31CD     31CD       12     6000       0
                stringtext33                       31BB     31BB       12     6000       0
                stringtext32                       31A9     31A9       12     6000       0
                stringtext31                       3196     3196       13     6000       0
                stringtext30                       3183     3183       13     6000       0
                stringtext29                       3170     3170       13     6000       0
                stringtext28                       315C     315C       14     6000       0
                stringtext27                       3148     3148       14     6000       0
                stringtext26                       3134     3134       14     6000       0
                stringtext25                       3120     3120       14     6000       0
                stringtext24                       310B     310B       15     6000       0
                stringtext23                       30F6     30F6       15     6000       0
                stringtext22                       30E1     30E1       15     6000       0
                stringtext21                       30CC     30CC       15     6000       0
                stringtext20                       30B7     30B7       15     6000       0
                stringtext19                       30A2     30A2       15     6000       0
                stringtext18                       308C     308C       16     6000       0
                stringtext17                       3075     3075       17     6000       0
                stringtext16                       305E     305E       17     6000       0
                stringtext15                       3047     3047       17     6000       0
                stringtext14                       3030     3030       17     6000       0
                stringtext13                       3018     3018       18     6000       0
                stringtext12                       3000     3000       18     6000       0
                stringtext11                       294F     294F       19     5000       0
                stringtext10                       2936     2936       19     5000       0
                stringtext9                        291D     291D       19     5000       0
                stringtext8                        2903     2903       1A     5000       0
                stringtext7                        28E9     28E9       1A     5000       0
                stringtext6                        28CF     28CF       1A     5000       0
                stringtext5                        28B3     28B3       1C     5000       0
                stringtext4                        2894     2894       1F     5000       0
                stringtext3                        286F     286F       25     5000       0
                stringtext2                        284A     284A       25     5000       0
                stringtext1                        2800     2800       4A     5000       0
                idataBANK4                         226D     226D       28     44DA       0
                idataBANK3                         2F61     2F61       14     5EC2       0
                idataBANK1                         2D17     2D17        1     5A2E       0

TOTAL           Name                               Link     Load   Length     Space
        CLASS   STACK          

        CLASS   CODE           
                end_init                             4A       4A        2         0
                cinit                                4C       4C       45         0
                intentry                              4        4       46         0
                reset_vec                             0        0        2         0
                maintext_split_3                    805      805      7FB         0
                maintext_split_2                   14E0     14E0      320         0
                maintext_split_1                   1C70     1C70      11C         0
                text135                            2064     2064       1B         0
                text134                            2D27     2D27        4         0
                text133                            2D16     2D16        1         0
                text132                            2D2B     2D2B        4         0
                text131                            24F6     24F6       41         0
                text130                            2170     2170       22         0
                text129                            2D18     2D18        3         0
                text128                            2D1B     2D1B        3         0
                text127                            2EED     2EED       10         0
                text126                            22BE     22BE       2A         0
                text125                            2E3F     2E3F        D         0
                text124                            2F1D     2F1D       11         0
                text123                            2F2E     2F2E       11         0
                text122                            2F3F     2F3F       11         0
                text121                            2F50     2F50       11         0
                text120                            2FB7     2FB7       18         0
                text119                            1000     1000        2         0
                text118                               2        2        2         0
                text117                            2D1E     2D1E        3         0
                text116                            2D2F     2D2F        4         0
                text115                            2D21     2D21        3         0
                text114                            2D33     2D33        4         0
                text113                            2D3B     2D3B        5         0
                text112                            2D8B     2D8B        6         0
                text111                            2D24     2D24        3         0
                text110                            239C     239C       2F         0
                text109                            2D40     2D40        5         0
                text108                            2DC7     2DC7        9         0
                text107                            2DB7     2DB7        8         0
                text106                            26F6     26F6       57         0
                text105                            2537     2537       46         0
                text104                            2DA9     2DA9        7         0
                text103                            2D45     2D45        5         0
                text102                            2D4A     2D4A        5         0
                text101                            2D4F     2D4F        5         0
                text100                            2D54     2D54        5         0
                text99                             2D59     2D59        5         0
                text98                             2D5E     2D5E        5         0
                text97                             2D63     2D63        5         0
                text96                             2D68     2D68        5         0
                text95                             2314     2314       2D         0
                text94                              7FD      7FD        3         0
                text93                             236E     236E       2E         0
                text92                             2D37     2D37        4         0
                text90                             212E     212E       21         0
                text89                             2E10     2E10        B         0
                text88                             2ECF     2ECF        F         0
                text87                             2DBF     2DBF        8         0
                text86                             2DD0     2DD0        9         0
                text85                             2DD9     2DD9        9         0
                text84                             2DE2     2DE2        9         0
                text83                             2DEB     2DEB        9         0
                text82                             2DF4     2DF4        9         0
                text81                             25C3     25C3       48         0
                text80                             2E1B     2E1B        C         0
                text79                             20D1     20D1       1F         0
                text78                             1800     1800        4         0
                text77                             2EFD     2EFD       10         0
                text76                             20F0     20F0       1F         0
                text75                             2E4C     2E4C        D         0
                text74                             2E27     2E27        C         0
                text73                             2D91     2D91        6         0
                text72                             2D97     2D97        6         0
                text71                             2F0D     2F0D       10         0
                text70                             2F75     2F75       15         0
                text69                             2FCF     2FCF       18         0
                text68                             2000     2000       18         0
                text67                             2DFD     2DFD        9         0
                text66                             23CB     23CB       2F         0
                text65                             2FE7     2FE7       19         0
                text64                             210F     210F       1F         0
                text63                             2653     2653       51         0
                text62                             22E8     22E8       2C         0
                text61                             260B     260B       48         0
                text60                             2E59     2E59        D         0
                text59                             2E66     2E66        D         0
                text58                             2E73     2E73        D         0
                text57                             1B6B     1B6B      105         0
                text56                             1980     1980       ED         0
                text55                             20B5     20B5       1C         0
                text54                             2341     2341       2D         0
                text53                             2DB0     2DB0        7         0
                text52                             26A4     26A4       52         0
                text51                             2295     2295       29         0
                text50                             204A     204A       1A         0
                text49                             27A4     27A4       5C         0
                text48                             10DA     10DA      170         0
                text47                             1D8C     1D8C      122         0
                text46                             248A     248A       34         0
                text45                             2F8A     2F8A       16         0
                text44                             2246     2246       27         0
                text43                             2FA0     2FA0       17         0
                text42                             186B     186B       89         0
                text41                             23FA     23FA       2F         0
                text40                             207F     207F       1B         0
                text39                             209A     209A       1B         0
                text38                             1045     1045       95         0
                text37                             1804     1804       67         0
                text36                             2E80     2E80        D         0
                text35                             2E8D     2E8D        D         0
                text34                             2E9A     2E9A        D         0
                text33                             2EA7     2EA7        D         0
                text32                              7B2      7B2       4B         0
                text31                             274D     274D       57         0
                text30                             2192     2192       23         0
                text29                             21B5     21B5       23         0
                text28                             21D8     21D8       23         0
                text27                             1EAE     1EAE      152         0
                text26                             257D     257D       46         0
                text25                             2D6D     2D6D        5         0
                text24                             18F4     18F4       8C         0
                text23                             2018     2018       19         0
                text22                               91       91      3B2         0
                text21                             2D72     2D72        5         0
                text20                             2D77     2D77        5         0
                text19                             2D7C     2D7C        5         0
                text18                             2D81     2D81        5         0
                text17                             2D86     2D86        5         0
                text16                              443      443      36F         0
                text15                             2031     2031       19         0
                text14                             2EC1     2EC1        E         0
                text13                             21FB     21FB       25         0
                text12                             1002     1002       43         0
                text11                             2E33     2E33        C         0
                text10                             2459     2459       31         0
                text9                              2EDE     2EDE        F         0
                text8                               800      800        5         0
                text7                              2220     2220       26         0
                text6                              214F     214F       21         0
                text5                              1A6D     1A6D       FE         0
                text4                              2EB4     2EB4        D         0
                text3                              24BE     24BE       38         0
                text2                              2429     2429       30         0
                text1                              2E06     2E06        A         0
                maintext                           124A     124A      296         0
                clrtext                            2D9D     2D9D        6         0
                inittext                           2DA3     2DA3        6         0
                idataBANK4                         226D     226D       28         0
                idataBANK3                         2F61     2F61       14         0
                idataBANK1                         2D17     2D17        1         0

        CLASS   STRCODE        
                stringtext121                      3660     3660        2         0
                stringtext120                      365D     365D        3         0
                stringtext119                      3655     3655        8         0
                stringtext118                      364D     364D        8         0
                stringtext117                      3645     3645        8         0
                stringtext116                      363D     363D        8         0
                stringtext115                      3635     3635        8         0
                stringtext114                      362D     362D        8         0
                stringtext113                      3625     3625        8         0
                stringtext112                      361D     361D        8         0
                stringtext111                      3615     3615        8         0
                stringtext110                      360D     360D        8         0
                stringtext109                      3605     3605        8         0
                stringtext108                      35FC     35FC        9         0
                stringtext107                      35F3     35F3        9         0
                stringtext106                      35EA     35EA        9         0
                stringtext105                      35E1     35E1        9         0
                stringtext104                      35D8     35D8        9         0
                stringtext103                      35CF     35CF        9         0
                stringtext102                      35C6     35C6        9         0
                stringtext101                      35BD     35BD        9         0
                stringtext100                      35B4     35B4        9         0
                stringtext99                       35A9     35A9        B         0
                stringtext98                       359E     359E        B         0
                stringtext97                       3592     3592        C         0
                stringtext96                       3586     3586        C         0
                stringtext95                       357A     357A        C         0
                stringtext94                       356E     356E        C         0
                stringtext93                       3562     3562        C         0
                stringtext92                       3556     3556        C         0
                stringtext91                       354A     354A        C         0
                stringtext90                       353E     353E        C         0
                stringtext89                       3532     3532        C         0
                stringtext88                       3526     3526        C         0
                stringtext87                       351A     351A        C         0
                stringtext86                       350D     350D        D         0
                stringtext85                       3500     3500        D         0
                stringtext84                       34F3     34F3        D         0
                stringtext83                       34E6     34E6        D         0
                stringtext82                       34D9     34D9        D         0
                stringtext81                       34CC     34CC        D         0
                stringtext80                       34BF     34BF        D         0
                stringtext79                       34B2     34B2        D         0
                stringtext78                       34A5     34A5        D         0
                stringtext77                       3498     3498        D         0
                stringtext76                       348A     348A        E         0
                stringtext75                       347C     347C        E         0
                stringtext74                       346E     346E        E         0
                stringtext73                       345F     345F        F         0
                stringtext72                       3450     3450        F         0
                stringtext71                       3441     3441        F         0
                stringtext70                       3432     3432        F         0
                stringtext69                       3423     3423        F         0
                stringtext68                       3414     3414        F         0
                stringtext67                       3405     3405        F         0
                stringtext66                       33F6     33F6        F         0
                stringtext65                       33E7     33E7        F         0
                stringtext64                       33D7     33D7       10         0
                stringtext63                       33C7     33C7       10         0
                stringtext62                       33B6     33B6       11         0
                stringtext61                       33A5     33A5       11         0
                stringtext60                       3394     3394       11         0
                stringtext59                       3383     3383       11         0
                stringtext58                       3372     3372       11         0
                stringtext57                       3361     3361       11         0
                stringtext56                       3350     3350       11         0
                stringtext55                       333F     333F       11         0
                stringtext54                       332E     332E       11         0
                stringtext53                       331D     331D       11         0
                stringtext52                       330C     330C       11         0
                stringtext51                       32FB     32FB       11         0
                stringtext50                       32EA     32EA       11         0
                stringtext49                       32D9     32D9       11         0
                stringtext48                       32C8     32C8       11         0
                stringtext47                       32B7     32B7       11         0
                stringtext46                       32A5     32A5       12         0
                stringtext45                       3293     3293       12         0
                stringtext44                       3281     3281       12         0
                stringtext43                       326F     326F       12         0
                stringtext42                       325D     325D       12         0
                stringtext41                       324B     324B       12         0
                stringtext40                       3239     3239       12         0
                stringtext39                       3227     3227       12         0
                stringtext38                       3215     3215       12         0
                stringtext37                       3203     3203       12         0
                stringtext36                       31F1     31F1       12         0
                stringtext35                       31DF     31DF       12         0
                stringtext34                       31CD     31CD       12         0
                stringtext33                       31BB     31BB       12         0
                stringtext32                       31A9     31A9       12         0
                stringtext31                       3196     3196       13         0
                stringtext30                       3183     3183       13         0
                stringtext29                       3170     3170       13         0
                stringtext28                       315C     315C       14         0
                stringtext27                       3148     3148       14         0
                stringtext26                       3134     3134       14         0
                stringtext25                       3120     3120       14         0
                stringtext24                       310B     310B       15         0
                stringtext23                       30F6     30F6       15         0
                stringtext22                       30E1     30E1       15         0
                stringtext21                       30CC     30CC       15         0
                stringtext20                       30B7     30B7       15         0
                stringtext19                       30A2     30A2       15         0
                stringtext18                       308C     308C       16         0
                stringtext17                       3075     3075       17         0
                stringtext16                       305E     305E       17         0
                stringtext15                       3047     3047       17         0
                stringtext14                       3030     3030       17         0
                stringtext13                       3018     3018       18         0
                stringtext12                       3000     3000       18         0
                stringtext11                       294F     294F       19         0
                stringtext10                       2936     2936       19         0
                stringtext9                        291D     291D       19         0
                stringtext8                        2903     2903       1A         0
                stringtext7                        28E9     28E9       1A         0
                stringtext6                        28CF     28CF       1A         0
                stringtext5                        28B3     28B3       1C         0
                stringtext4                        2894     2894       1F         0
                stringtext3                        286F     286F       25         0
                stringtext2                        284A     284A       25         0
                stringtext1                        2800     2800       4A         0

        CLASS   STRING         

        CLASS   CONST          

        CLASS   ENTRY          

        CLASS   COMMON         
                cstackCOMMON                         70       70        D         1
                bssCOMMON                            7D       7D        1         1

        CLASS   BANK0          
                cstackBANK0                          20       20       4A         1
                bssBANK0                             6A       6A        3         1

        CLASS   BANK1          
                cstackBANK1                          A0       A0       3F         1
                dataBANK1                            EE       EE        1         1
                bssBANK1                             DF       DF        F         1

        CLASS   BANK2          
                cstackBANK2                         120      120       25         1
                bssBANK2                            145      145        6         1

        CLASS   BANK3          
                dataBANK3                           1DB      1DB       14         1
                bssBANK3                            1A0      1A0       3B         1

        CLASS   BANK4          
                dataBANK4                           220      220       28         1
                bssBANK4                            248      248       20         1

        CLASS   BANK5          
                cstackBANK5                         2A0      2A0       2A         1

        CLASS   BANK6          

        CLASS   BANK7          

        CLASS   BANK8          

        CLASS   BANK9          

        CLASS   BANK10         

        CLASS   BANK11         

        CLASS   BANK12         

        CLASS   BIGRAM         

        CLASS   RAM            

        CLASS   ABS1           
                abs_s1                               7E       7E        2         1

        CLASS   SFR0           

        CLASS   SFR1           

        CLASS   SFR2           

        CLASS   SFR3           

        CLASS   SFR4           

        CLASS   SFR5           

        CLASS   SFR6           

        CLASS   SFR7           

        CLASS   SFR8           

        CLASS   SFR9           

        CLASS   SFR10          

        CLASS   SFR11          

        CLASS   SFR12          

        CLASS   SFR13          

        CLASS   SFR14          

        CLASS   SFR15          

        CLASS   SFR16          

        CLASS   SFR17          

        CLASS   SFR18          

        CLASS   SFR19          

        CLASS   SFR20          

        CLASS   SFR21          

        CLASS   SFR22          

        CLASS   SFR23          

        CLASS   SFR24          

        CLASS   SFR25          

        CLASS   SFR26          

        CLASS   SFR27          

        CLASS   SFR28          

        CLASS   SFR29          

        CLASS   SFR30          

        CLASS   SFR31          

        CLASS   CONFIG         
                config                             8007     8007        2         4

        CLASS   IDLOC          
                idloc                              8000     8000        4         5

        CLASS   EEDATA         

        CLASS   BANK31         

        CLASS   BANK30         

        CLASS   BANK29         

        CLASS   BANK28         

        CLASS   BANK27         

        CLASS   BANK26         

        CLASS   BANK25         

        CLASS   BANK24         

        CLASS   BANK23         

        CLASS   BANK22         

        CLASS   BANK21         

        CLASS   BANK20         

        CLASS   BANK19         

        CLASS   BANK18         

        CLASS   BANK17         

        CLASS   BANK16         

        CLASS   BANK15         

        CLASS   BANK14         

        CLASS   BANK13         



SEGMENTS        Name                           Load    Length   Top    Selector   Space  Class     Delta

                reset_vec                      000000  000004  000004         0       0  CODE        2
                intentry                       000004  0007FC  000800         8       0  CODE        2
                cstackBANK0                    000020  00004D  00006D        20       1  BANK0       1
                cstackCOMMON                   000070  00000E  00007E        70       1  COMMON      1
                cstackBANK1                    0000A0  00004F  0000EF        A0       1  BANK1       1
                cstackBANK2                    000120  00002B  00014B       120       1  BANK2       1
                bssBANK3                       0001A0  00004F  0001EF       1A0       1  BANK3       1
                dataBANK4                      000220  000048  000268       220       1  BANK4       1
                cstackBANK5                    0002A0  00002A  0002CA       2A0       1  BANK5       1
                text8                          000800  000005  000805      1000       0  CODE        2
                maintext_split_3               000805  0007FD  001002      100A       0  CODE        2
                text12                         001002  000043  001045      2004       0  CODE        2
                text38                         001045  000095  0010DA      208A       0  CODE        2
                text48                         0010DA  000170  00124A      21B4       0  CODE        2
                maintext                       00124A  000296  0014E0      2494       0  CODE        2
                maintext_split_2               0014E0  000324  001804      29C0       0  CODE        2
                text37                         001804  000067  00186B      3008       0  CODE        2
                text42                         00186B  000089  0018F4      30D6       0  CODE        2
                text24                         0018F4  00008C  001980      31E8       0  CODE        2
                text56                         001980  0000ED  001A6D      3300       0  CODE        2
                text5                          001A6D  0000FE  001B6B      34DA       0  CODE        2
                text57                         001B6B  000105  001C70      36D6       0  CODE        2
                maintext_split_1               001C70  00011C  001D8C      38E0       0  CODE        2
                text47                         001D8C  000122  001EAE      3B18       0  CODE        2
                text27                         001EAE  00016A  002018      3D5C       0  CODE        2
                text23                         002018  000019  002031      4030       0  CODE        2
                text15                         002031  000019  00204A      4062       0  CODE        2
                text50                         00204A  00001A  002064      4094       0  CODE        2
                text135                        002064  00001B  00207F      40C8       0  CODE        2
                text40                         00207F  00001B  00209A      40FE       0  CODE        2
                text39                         00209A  00001B  0020B5      4134       0  CODE        2
                text55                         0020B5  00001C  0020D1      416A       0  CODE        2
                text79                         0020D1  00001F  0020F0      41A2       0  CODE        2
                text76                         0020F0  00001F  00210F      41E0       0  CODE        2
                text64                         00210F  00001F  00212E      421E       0  CODE        2
                text90                         00212E  000021  00214F      425C       0  CODE        2
                text6                          00214F  000021  002170      429E       0  CODE        2
                text130                        002170  000022  002192      42E0       0  CODE        2
                text30                         002192  000023  0021B5      4324       0  CODE        2
                text29                         0021B5  000023  0021D8      436A       0  CODE        2
                text28                         0021D8  000023  0021FB      43B0       0  CODE        2
                text13                         0021FB  000025  002220      43F6       0  CODE        2
                text7                          002220  000026  002246      4440       0  CODE        2
                text44                         002246  000027  00226D      448C       0  CODE        2
                idataBANK4                     00226D  000028  002295      44DA       0  CODE        2
                text51                         002295  000029  0022BE      452A       0  CODE        2
                text126                        0022BE  00002A  0022E8      457C       0  CODE        2
                text62                         0022E8  00002C  002314      45D0       0  CODE        2
                text95                         002314  00002D  002341      4628       0  CODE        2
                text54                         002341  00002D  00236E      4682       0  CODE        2
                text93                         00236E  00002E  00239C      46DC       0  CODE        2
                text110                        00239C  00002F  0023CB      4738       0  CODE        2
                text66                         0023CB  00002F  0023FA      4796       0  CODE        2
                text41                         0023FA  00002F  002429      47F4       0  CODE        2
                text2                          002429  000030  002459      4852       0  CODE        2
                text10                         002459  000031  00248A      48B2       0  CODE        2
                text46                         00248A  000034  0024BE      4914       0  CODE        2
                text3                          0024BE  000038  0024F6      497C       0  CODE        2
                text131                        0024F6  000041  002537      49EC       0  CODE        2
                text105                        002537  000046  00257D      4A6E       0  CODE        2
                text26                         00257D  000046  0025C3      4AFA       0  CODE        2
                text81                         0025C3  000048  00260B      4B86       0  CODE        2
                text61                         00260B  000048  002653      4C16       0  CODE        2
                text63                         002653  000051  0026A4      4CA6       0  CODE        2
                text52                         0026A4  000052  0026F6      4D48       0  CODE        2
                text106                        0026F6  000057  00274D      4DEC       0  CODE        2
                text31                         00274D  000057  0027A4      4E9A       0  CODE        2
                text49                         0027A4  00005C  002800      4F48       0  CODE        2
                stringtext1                    002800  000168  002968      5000       0  STRCODE     2
                text133                        002D16  000001  002D17      5A2C       0  CODE        2
                idataBANK1                     002D17  000001  002D18      5A2E       0  CODE        2
                text129                        002D18  000003  002D1B      5A30       0  CODE        2
                text128                        002D1B  000003  002D1E      5A36       0  CODE        2
                text117                        002D1E  000003  002D21      5A3C       0  CODE        2
                text115                        002D21  000003  002D24      5A42       0  CODE        2
                text111                        002D24  000003  002D27      5A48       0  CODE        2
                text134                        002D27  000004  002D2B      5A4E       0  CODE        2
                text132                        002D2B  000004  002D2F      5A56       0  CODE        2
                text116                        002D2F  000004  002D33      5A5E       0  CODE        2
                text114                        002D33  000004  002D37      5A66       0  CODE        2
                text92                         002D37  000004  002D3B      5A6E       0  CODE        2
                text113                        002D3B  000005  002D40      5A76       0  CODE        2
                text109                        002D40  000005  002D45      5A80       0  CODE        2
                text103                        002D45  000005  002D4A      5A8A       0  CODE        2
                text102                        002D4A  000005  002D4F      5A94       0  CODE        2
                text101                        002D4F  000005  002D54      5A9E       0  CODE        2
                text100                        002D54  000005  002D59      5AA8       0  CODE        2
                text99                         002D59  000005  002D5E      5AB2       0  CODE        2
                text98                         002D5E  000005  002D63      5ABC       0  CODE        2
                text97                         002D63  000005  002D68      5AC6       0  CODE        2
                text96                         002D68  000005  002D6D      5AD0       0  CODE        2
                text25                         002D6D  000005  002D72      5ADA       0  CODE        2
                text21                         002D72  000005  002D77      5AE4       0  CODE        2
                text20                         002D77  000005  002D7C      5AEE       0  CODE        2
                text19                         002D7C  000005  002D81      5AF8       0  CODE        2
                text18                         002D81  000005  002D86      5B02       0  CODE        2
                text17                         002D86  000005  002D8B      5B0C       0  CODE        2
                text112                        002D8B  000006  002D91      5B16       0  CODE        2
                text73                         002D91  000006  002D97      5B22       0  CODE        2
                text72                         002D97  000006  002D9D      5B2E       0  CODE        2
                clrtext                        002D9D  000006  002DA3      5B3A       0  CODE        2
                inittext                       002DA3  000006  002DA9      5B46       0  CODE        2
                text104                        002DA9  000007  002DB0      5B52       0  CODE        2
                text53                         002DB0  000007  002DB7      5B60       0  CODE        2
                text107                        002DB7  000008  002DBF      5B6E       0  CODE        2
                text87                         002DBF  000008  002DC7      5B7E       0  CODE        2
                text108                        002DC7  000009  002DD0      5B8E       0  CODE        2
                text86                         002DD0  000009  002DD9      5BA0       0  CODE        2
                text85                         002DD9  000009  002DE2      5BB2       0  CODE        2
                text84                         002DE2  000009  002DEB      5BC4       0  CODE        2
                text83                         002DEB  000009  002DF4      5BD6       0  CODE        2
                text82                         002DF4  000009  002DFD      5BE8       0  CODE        2
                text67                         002DFD  000009  002E06      5BFA       0  CODE        2
                text1                          002E06  00000A  002E10      5C0C       0  CODE        2
                text89                         002E10  00000B  002E1B      5C20       0  CODE        2
                text80                         002E1B  00000C  002E27      5C36       0  CODE        2
                text74                         002E27  00000C  002E33      5C4E       0  CODE        2
                text11                         002E33  00000C  002E3F      5C66       0  CODE        2
                text125                        002E3F  00000D  002E4C      5C7E       0  CODE        2
                text75                         002E4C  00000D  002E59      5C98       0  CODE        2
                text60                         002E59  00000D  002E66      5CB2       0  CODE        2
                text59                         002E66  00000D  002E73      5CCC       0  CODE        2
                text58                         002E73  00000D  002E80      5CE6       0  CODE        2
                text36                         002E80  00000D  002E8D      5D00       0  CODE        2
                text35                         002E8D  00000D  002E9A      5D1A       0  CODE        2
                text34                         002E9A  00000D  002EA7      5D34       0  CODE        2
                text33                         002EA7  00000D  002EB4      5D4E       0  CODE        2
                text4                          002EB4  00000D  002EC1      5D68       0  CODE        2
                text14                         002EC1  00000E  002ECF      5D82       0  CODE        2
                text88                         002ECF  00000F  002EDE      5D9E       0  CODE        2
                text9                          002EDE  00000F  002EED      5DBC       0  CODE        2
                text127                        002EED  000010  002EFD      5DDA       0  CODE        2
                text77                         002EFD  000010  002F0D      5DFA       0  CODE        2
                text71                         002F0D  000010  002F1D      5E1A       0  CODE        2
                text124                        002F1D  000011  002F2E      5E3A       0  CODE        2
                text123                        002F2E  000011  002F3F      5E5C       0  CODE        2
                text122                        002F3F  000011  002F50      5E7E       0  CODE        2
                text121                        002F50  000011  002F61      5EA0       0  CODE        2
                idataBANK3                     002F61  000014  002F75      5EC2       0  CODE        2
                text70                         002F75  000015  002F8A      5EEA       0  CODE        2
                text45                         002F8A  000016  002FA0      5F14       0  CODE        2
                text43                         002FA0  000017  002FB7      5F40       0  CODE        2
                text120                        002FB7  000018  002FCF      5F6E       0  CODE        2
                text69                         002FCF  000018  002FE7      5F9E       0  CODE        2
                text65                         002FE7  000019  003000      5FCE       0  CODE        2
                stringtext12                   003000  000662  003662      6000       0  STRCODE     2


UNUSED ADDRESS RANGES

        Name                Unused          Largest block    Delta
        BANK0            000006D-000006F                 3           1
        BANK1            00000EF-00000EF                 1           1
        BANK10           0000520-000056F                50           1
        BANK11           00005A0-00005EF                50           1
        BANK12           0000620-000064F                30           1
        BANK2            000014B-000016F                25           1
        BANK3            00001EF-00001EF                 1           1
        BANK4            0000268-000026F                 8           1
        BANK5            00002CA-00002EF                26           1
        BANK6            0000320-000036F                50           1
        BANK7            00003A0-00003EF                50           1
        BANK8            0000420-000046F                50           1
        BANK9            00004A0-00004EF                50           1
        BIGRAM           0002000-00023EF               3F0           1
        CODE             0002968-0002D15               3AE           2
                         0003662-0003FFF               19E
        CONST            0002968-0002D15               100           2
                         0003662-0003FFF               100
        EEDATA           000F000-000F0FF               100           2
        ENTRY            0002968-0002D15               100           2
                         0003662-0003FFF               100
        RAM              000006D-000006F                 3           1
                         00000EF-00000EF                 1
                         000014B-000016F                25
                         00001EF-00001EF                 1
                         0000268-000026F                 8
                         00002CA-00002EF                26
                         0000320-000036F                50
                         00003A0-00003EF                50
                         0000420-000046F                50
                         00004A0-00004EF                50
                         0000520-000056F                50
                         00005A0-00005EF                50
                         0000620-000064F                30
        SFR0             0000000-000001F                20           1
        SFR1             0000080-000009F                20           1
        SFR10            0000500-000051F                20           1
        SFR11            0000580-000059F                20           1
        SFR12            0000600-000061F                20           1
        SFR13            0000680-00006EF                70           1
        SFR14            0000700-000076F                70           1
        SFR15            0000780-00007EF                70           1
        SFR16            0000800-000086F                70           1
        SFR17            0000880-00008EF                70           1
        SFR18            0000900-000096F                70           1
        SFR19            0000980-00009EF                70           1
        SFR2             0000100-000011F                20           1
        SFR20            0000A00-0000A6F                70           1
        SFR21            0000A80-0000AEF                70           1
        SFR22            0000B00-0000B6F                70           1
        SFR23            0000B80-0000BEF                70           1
        SFR24            0000C00-0000C6F                70           1
        SFR25            0000C80-0000CEF                70           1
        SFR26            0000D00-0000D6F                70           1
        SFR27            0000D80-0000DEF                70           1
        SFR28            0000E00-0000E6F                70           1
        SFR29            0000E80-0000EEF                70           1
        SFR3             0000180-000019F                20           1
        SFR30            0000F00-0000F6F                70           1
        SFR31            0000F80-0000FEF                70           1
        SFR4             0000200-000021F                20           1
        SFR5             0000280-000029F                20           1
        SFR6             0000300-000031F                20           1
        SFR7             0000380-000039F                20           1
        SFR8             0000400-000041F                20           1
        SFR9             0000480-000049F                20           1
        STACK            00021BA-00023EF               236           1
        STRCODE          0002968-0002D15               3AE           2
                         0003662-0003FFF               99E
        STRING           0002968-0002D15               100           2
                         0003662-0003FFF               100

                                  Symbol Table

?_ADC_GetConversion                            cstackBANK0      0000023
?___aodiv                                      cstackBANK0      0000023
?___aomod                                      cstackBANK0      0000023
?_abs                                          cstackBANK0      0000036
?_dtoa                                         cstackBANK0      000003F
?_pad                                          cstackBANK0      0000036
?_printf                                       cstackBANK1      00000AD
?_sprintf                                      cstackBANK1      00000AD
?_strcat                                       cstackBANK0      0000033
?_strlen                                       cstackBANK0      0000023
?_vfpfcnvrt                                    cstackBANK0      000005D
?_vfprintf                                     cstackBANK0      0000064
ADC_GetConversion@channel                      cstackBANK0      0000026
EUSART_Read@readValue                          cstackBANK0      0000024
EUSART_SetErrorHandler@interruptHandler        cstackBANK0      0000023
EUSART_SetFramingErrorHandler@interruptHandler cstackBANK0      0000023
EUSART_SetOverrunErrorHandler@interruptHandler cstackBANK0      0000023
EUSART_SetRxInterruptHandler@interruptHandler  cstackBANK0      0000023
EUSART_SetTxInterruptHandler@interruptHandler  cstackBANK0      0000023
EUSART_Write@txData                            cstackBANK0      0000024
I2C_CallbackReturnReset@funPtr                 cstackCOMMON     0000079
I2C_MasterSendTxData@data                      cstackCOMMON     0000070
I2C_Master_Write@data                          cstackBANK0      0000023
I2C_SetBuffer@buffer                           cstackCOMMON     0000073
I2C_SetBuffer@bufferSize                       cstackCOMMON     0000070
I2C_SetCallback@cb                             cstackCOMMON     0000070
I2C_SetCallback@idx                            cstackCOMMON     0000074
I2C_SetCallback@ptr                            cstackCOMMON     0000072
I2C_SetDataCompleteCallback@cb                 cstackCOMMON     0000075
I2C_SetDataCompleteCallback@ptr                cstackCOMMON     0000077
IO_Expander_Write@Data                         cstackBANK0      0000024
LCD_CMD@CMD                                    cstackBANK0      0000028
LCD_Init@I2C_Add                               cstackBANK0      000002B
LCD_Set_Cursor@COL                             cstackBANK0      0000029
LCD_Set_Cursor@ROW                             cstackBANK0      000002C
LCD_Write_4Bit@Nibble                          cstackBANK0      0000026
LCD_Write_Char@Data                            cstackBANK0      0000028
LCD_Write_String@Str                           cstackBANK0      0000029
LCD_Write_String@i                             cstackBANK0      000002C
_ACKDT                                         (abs)            00010B5
_ACKEN                                         (abs)            00010B4
_ACKSTAT                                       (abs)            00010B6
_ADCON0                                        (abs)            000009D
_ADCON0bits                                    (abs)            000009D
_ADCON1                                        (abs)            000009E
_ADC_GetConversion                             text90           000212E
_ADC_Initialize                                text87           0002DBF
_ADRESH                                        (abs)            000009C
_ADRESL                                        (abs)            000009B
_ANSELA                                        (abs)            000018C
_ANSELB                                        (abs)            000018D
_ANSELD                                        (abs)            000018F
_ANSELE                                        (abs)            0000190
_APFCON                                        (abs)            000011D
_BAUDCON                                       (abs)            000019F
_BORCON                                        (abs)            0000116
_BackLight_State                               dataBANK1        00000EE
_EEADRH                                        (abs)            0000192
_EEADRL                                        (abs)            0000191
_EECON1bits                                    (abs)            0000195
_EECON2                                        (abs)            0000196
_EEDATH                                        (abs)            0000194
_EEDATL                                        (abs)            0000193
_EUSART_DefaultErrorHandler                    text134          0002D27
[...]
displayManagerSlave@s4                         cstackBANK0      000003E
dtoa@d                                         cstackBANK0      000003F
dtoa@fp                                        cstackBANK0      000004A
dtoa@i                                         cstackBANK0      000005B
dtoa@n                                         cstackBANK0      0000053
dtoa@p                                         cstackBANK0      000004D
dtoa@s                                         cstackBANK0      0000051
dtoa@w                                         cstackBANK0      000004F
end_of_initialization                          cinit            000008D
errorAlert@i                                   cstackBANK0      000002A
errorAlert@j                                   cstackBANK0      0000028
fputc@c                                        cstackBANK0      0000026
fputc@fp                                       cstackBANK0      0000028
fputs@c                                        cstackBANK0      0000032
fputs@fp                                       cstackBANK0      000002E
fputs@i                                        cstackBANK0      0000033
fputs@s                                        cstackBANK0      0000035
getBLEindentifier@bleCode                      cstackBANK0      0000033
getBLEindentifier@i                            cstackBANK0      0000034
getCharacterFormRx@N                           cstackBANK0      000002E
getCharacterFormRx@i                           cstackBANK0      000002F
getCharacterFormRx@reading                     cstackBANK0      000002C
getRS232@reception                             cstackBANK0      0000026
getSlaveStatus@code                            cstackBANK0      0000024
getSlaveStatus@slaveResponse                   cstackBANK0      0000025
init_ram                                       inittext         0002DA3
initialConditions@autom                        cstackBANK1      00000B4
initialConditions@prog                         cstackBANK1      00000B6
initialConditions@testAct                      cstackBANK1      00000B0
initialConditions@testVoy                      cstackBANK1      00000B2
int$flags                                      (abs)            000007E
intlevel0                                      functab          0000000
intlevel1                                      functab          0000000
intlevel2                                      functab          0000000
intlevel3                                      functab          0000000
intlevel4                                      functab          0000000
intlevel5                                      functab          0000000
ledConforme@active                             cstackBANK0      0000023
ledNonConforme@active                          cstackBANK0      0000023
ledProgession@active                           cstackBANK0      0000023
main@automatique                               cstackBANK5      00002C8
main@bleCode                                   cstackBANK5      00002A0
main@buffer                                    cstackBANK5      00002B4
main@buffer_1765                               cstackBANK5      00002B6
main@lectureAN1                                cstackBANK5      00002C0
main@master                                    cstackBANK5      00002B8
main@orderFormWin                              cstackBANK5      00002C4
main@pap                                       cstackBANK5      00002BE
main@programmation                             cstackBANK5      00002C7
main@slaveInTest                               cstackBANK5      00002C5
main@slaveSummary                              cstackBANK5      00002C3
main@slaveWaiting                              cstackBANK5      00002C2
main@slectureAN1                               cstackBANK5      00002B9
main@testActif                                 cstackBANK5      00002C9
main@testLeds                                  cstackBANK5      00002BF
main@testVoyants                               cstackBANK5      00002C6
okAlert@i                                      cstackBANK1      00000B1
pad@buf                                        cstackBANK0      0000036
pad@fp                                         cstackBANK0      000003E
pad@i                                          cstackBANK0      000003A
pad@p                                          cstackBANK0      0000037
pad@w                                          cstackBANK0      000003C
pnum$maintext                                  (abs)            0000090
pnum$maintext_split_1                          (abs)            000011A
pnum$maintext_split_2                          (abs)            000011B
pnum$maintext_split_3                          (abs)            000011C
pressBP1@active                                cstackBANK0      0000023
pressBP2@active                                cstackBANK0      0000023
printf@ap                                      cstackBANK1      00000AF
printf@fmt                                     cstackBANK1      00000AD
processActionForSlave@autom                    cstackBANK1      00000BA
processActionForSlave@echo_2367                cstackBANK1      00000B7
processActionForSlave@ordreFromWin             cstackBANK1      00000B3
processActionForSlave@prog                     cstackBANK1      00000B1
processActionForSlave@responseSlave            cstackBANK1      00000B6
processActionForSlave@responseSlave_2369       cstackBANK1      00000B8
processActionForSlave@responseSlave_2376       cstackBANK1      00000B9
processActionForSlave@testAct                  cstackBANK1      00000B0
processActionForSlave@testSlaveActive          cstackBANK1      00000B2
processSlaveResponse@repSlave                  cstackBANK1      00000B4
processSlaveResponse@slaveIsWaiting            cstackBANK1      00000B0
psplit$0                                       (abs)            090011A
psplit$1                                       (abs)            11A011B
psplit$2                                       (abs)            11B011C
putch@txData                                   cstackBANK0      0000025
rd1RegCompleteHandler@ptr                      cstackCOMMON     0000079
rd2RegCompleteHandler@ptr                      cstackCOMMON     0000079
rdBlkRegCompleteHandler@ptr                    cstackCOMMON     0000079
reponseOperateur@automatique                   cstackBANK0      0000028
reponseOperateur@reception                     cstackBANK0      0000027
reponseOperateur@repOperateur                  cstackBANK0      000002A
reponseOperateur@reponse                       cstackBANK0      0000029
reset_vec                                      reset_vec        0000000
setCharacterBit@K                              cstackBANK0      0000025
setCharacterBit@N                              cstackBANK0      0000028
setCharacterBit@reading                        cstackBANK0      0000023
setHorloge@active                              cstackBANK0      0000023
setP1@active                                   cstackBANK0      0000023
setP2@active                                   cstackBANK0      0000023
sortieErreur@autom                             cstackBANK1      00000B8
sortieErreur@prog                              cstackBANK1      00000BE
sortieErreur@testAct                           cstackBANK1      00000BA
sortieErreur@testVoy                           cstackBANK1      00000BC
sprintf@ap                                     cstackBANK1      00000B3
sprintf@f                                      cstackBANK1      00000B5
sprintf@fmt                                    cstackBANK1      00000AD
sprintf@ret                                    cstackBANK1      00000B1
sprintf@s                                      cstackBANK1      00000B4
start                                          init             000004A
startAlert@i                                   cstackBANK0      0000028
startPhaseBLE@i                                cstackBANK0      0000026
startPhaseBLE@phase                            cstackBANK0      0000023
start_initialization                           cinit            000004C
strcat@dest                                    cstackBANK0      0000033
strcat@src                                     cstackBANK0      0000035
strcpy@d                                       cstackBANK0      0000031
strcpy@dest                                    cstackBANK0      0000027
strcpy@s                                       cstackBANK0      000002F
strcpy@src                                     cstackBANK0      0000029
strlen@a                                       cstackBANK0      0000025
strlen@s                                       cstackBANK0      0000023
testNOK@active                                 cstackBANK0      0000024
testNOK@result                                 cstackBANK0      0000023
testOK@active                                  cstackBANK0      0000024
testOK@result                                  cstackBANK0      0000023
testR1@active                                  cstackBANK0      0000024
testR1@result                                  cstackBANK0      0000023
testR2@active                                  cstackBANK0      0000024
testR2@result                                  cstackBANK0      0000023
testR3@active                                  cstackBANK0      0000024
testR3@result                                  cstackBANK0      0000023
vfpfcnvrt@ap                                   cstackBANK0      000005E
vfpfcnvrt@fmt                                  cstackBANK0      000005D
vfpfcnvrt@fp                                   cstackBANK1      00000A9
vfpfcnvrt@ll                                   cstackBANK1      00000A0
vfpfcnvrt@vp                                   cstackBANK1      00000A8
vfprintf@ap                                    cstackBANK0      0000066
vfprintf@cfmt                                  cstackBANK1      00000AB
vfprintf@fmt                                   cstackBANK0      0000064
vfprintf@fp                                    cstackBANK1      00000AA
wr1RegCompleteHandler@ptr                      cstackCOMMON     0000079
wr2RegCompleteHandler@ptr                      cstackCOMMON     0000079
wtemp0                                         (abs)            000007E


MODULE INFORMATION

Module		Function		Class		Link	Load	Size
C:\Program Files\Microchip\xc8\v2.32\pic\sources\c99\common\nf_sprintf.c
		_sprintf       		CODE           	24BE	0000	56

C:\Program Files\Microchip\xc8\v2.32\pic\sources\c99\common\nf_sprintf.c estimated size: 56

C:\Program Files\Microchip\xc8\v2.32\pic\sources\c99\common\doprnt.c
		_vfpfcnvrt     		CODE           	1D8C	0000	290
		_pad           		CODE           	27A4	0000	92
		_dtoa          		CODE           	10DA	0000	368
		_vfprintf      		CODE           	248A	0000	52

C:\Program Files\Microchip\xc8\v2.32\pic\sources\c99\common\doprnt.c estimated size: 802

mcc_generated_files/interrupt_manager.c
		_INTERRUPT_InterruptManager		CODE           	0004	0000	70

mcc_generated_files/interrupt_manager.c estimated size: 70

mcc_generated_files/examples/i2c_master_example.c
		_wr1RegCompleteHandler		CODE           	2F50	0000	17
		_wr2RegCompleteHandler		CODE           	2F1D	0000	17
		_rdBlkRegCompleteHandler		CODE           	2FB7	0000	24
		_rd1RegCompleteHandler		CODE           	2F2E	0000	17
		_rd2RegCompleteHandler		CODE           	2F3F	0000	17

mcc_generated_files/examples/i2c_master_example.c estimated size: 92

mcc_generated_files/pin_manager.c
		_PIN_MANAGER_Initialize		CODE           	20D1	0000	31

mcc_generated_files/pin_manager.c estimated size: 31

C:\Program Files\Microchip\xc8\v2.32\pic\sources\c99\common\nf_fputs.c
		_fputs         		CODE           	2295	0000	41

C:\Program Files\Microchip\xc8\v2.32\pic\sources\c99\common\nf_fputs.c estimated size: 41

mcc_generated_files/adc.c
		_ADC_Initialize		CODE           	2DBF	0000	8
		_ADC_GetConversion		CODE           	212E	0000	33

mcc_generated_files/adc.c estimated size: 41

I2C-tester.c
		_sendACQToSlave		CODE           	2D72	0000	5
		_sendOKToSlave 		CODE           	2D7C	0000	5
		_getSlaveSummary		CODE           	0800	0000	5
		_sendNOKToSlave		CODE           	2D77	0000	5
		_startTestSlave		CODE           	2D86	0000	5
		_endProgSlave  		CODE           	2D6D	0000	5
		_getSlaveStatus		CODE           	257D	0000	70
		_startProgSlave		CODE           	2D81	0000	5

I2C-tester.c estimated size: 105

C:\Program Files\Microchip\xc8\v2.32\pic\sources\c99\common\abs.c
		_abs           		CODE           	20B5	0000	28

C:\Program Files\Microchip\xc8\v2.32\pic\sources\c99\common\abs.c estimated size: 28

C:\Program Files\Microchip\xc8\v2.32\pic\sources\c99\common\aomod.c
		___aomod       		CODE           	1980	0000	237

C:\Program Files\Microchip\xc8\v2.32\pic\sources\c99\common\aomod.c estimated size: 237

shared
		__initialization		CODE           	004C	0000	65
		_i2c_fsmStateTable		STRCODE        	2800	0000	32

shared estimated size: 97

I2C_LCD.c
		_LCD_Init      		CODE           	18F4	0000	140
		_LCD_Write_4Bit		CODE           	2FCF	0000	24
		_LCD_Write_Char		CODE           	2FE7	0000	25
		_LCD_CMD       		CODE           	2000	0000	24
		_I2C_Master_Wait		CODE           	2E27	0000	12
		_I2C_Master_Init		CODE           	2E10	0000	11
		_I2C_Master_Stop		CODE           	2D97	0000	6
		_I2C_Slave_Init		CODE           	2ECF	0000	15
		_LCD_Set_Cursor		CODE           	23CB	0000	47
		_LCD_Clear     		CODE           	2DFD	0000	9
		_IO_Expander_Write		CODE           	2F75	0000	21
		_I2C_Master_Write		CODE           	2F0D	0000	16
		_I2C_Master_Start		CODE           	2D91	0000	6
		_LCD_Write_String		CODE           	210F	0000	31

I2C_LCD.c estimated size: 387

mcc_generated_files/mcc.c
		_WDT_Initialize		CODE           	1800	0000	4
		_OSCILLATOR_Initialize		CODE           	2E1B	0000	12
		_SYSTEM_Initialize		CODE           	2EFD	0000	16

mcc_generated_files/mcc.c estimated size: 32

display.c
		_displayManagerMaster		CODE           	2031	0000	25
		_displayManagerSlave		CODE           	2018	0000	25
		_displayManager		CODE           	2653	0000	81

display.c estimated size: 131

C:\Program Files\Microchip\xc8\v2.32\pic\sources\c99\common\strcat.c
		_strcat        		CODE           	2FA0	0000	23

C:\Program Files\Microchip\xc8\v2.32\pic\sources\c99\common\strcat.c estimated size: 23

mcc_generated_files/i2c_master.c
		_I2C_MasterStartRx		CODE           	2D1E	0000	3
		_I2C_DO_SEND_ADR_WRITE		CODE           	2DB7	0000	8
		_I2C_DO_SEND_STOP		CODE           	2D54	0000	5
		_I2C_MasterSendNack		CODE           	2D2F	0000	4
		_I2C_CallbackReturnStop		CODE           	1000	0000	2
		_I2C_DO_SEND_ADR_READ		CODE           	2DC7	0000	9
		_I2C_DO_RX_NACK_STOP		CODE           	2D5E	0000	5
		_I2C_DO_SEND_RESTART		CODE           	2D4F	0000	5
		_I2C_DO_RX     		CODE           	2537	0000	70
		_I2C_DO_TX     		CODE           	26F6	0000	87
		_I2C_DO_IDLE   		CODE           	2D40	0000	5
		_I2C_DO_RCEN   		CODE           	2DA9	0000	7
		_I2C_DO_RESET  		CODE           	2D68	0000	5
		_I2C_DO_RX_ACK 		CODE           	2D59	0000	5
		_I2C_MasterClearIrq		CODE           	07FD	0000	3
		_I2C_MasterGetRxData		CODE           	2D21	0000	3
		_I2C_SetCallback		CODE           	22BE	0000	42
		_I2C_DO_ADDRESS_NACK		CODE           	2314	0000	45
		_I2C_MasterEnableRestart		CODE           	2D18	0000	3
		_I2C_CallbackReturnReset		CODE           	0002	0000	2
		_I2C_DO_TX_EMPTY		CODE           	239C	0000	47
		_I2C_DO_SEND_RESTART_WRITE		CODE           	2D4A	0000	5
		_I2C_MasterIsNack		CODE           	2D8B	0000	6
		_I2C_SetDataCompleteCallback		CODE           	2E3F	0000	13
		_I2C_DO_RX_NACK_RESTART		CODE           	2D63	0000	5
		_I2C_MasterSendAck		CODE           	2D33	0000	4
		_I2C_MasterFsm 		CODE           	236E	0000	46
		_I2C_MasterIsr 		CODE           	2D37	0000	4
		_I2C_MasterSetIrq		CODE           	2D24	0000	3
		_I2C_DO_SEND_RESTART_READ		CODE           	2D45	0000	5
		_I2C_SetBuffer 		CODE           	2EED	0000	16
		_I2C_MasterSendTxData		CODE           	2D3B	0000	5
		_I2C_MasterStop		CODE           	2D1B	0000	3

mcc_generated_files/i2c_master.c estimated size: 480

mcc_generated_files/eusart.c
		_EUSART_SetRxInterruptHandler		CODE           	2DEB	0000	9
		_EUSART_SetTxInterruptHandler		CODE           	2DF4	0000	9
		_putch         		CODE           	2DB0	0000	7
		_EUSART_Read   		CODE           	23FA	0000	47
		_EUSART_DefaultOverrunErrorHandler		CODE           	2D2B	0000	4
		_EUSART_Write  		CODE           	2341	0000	45
		_EUSART_DefaultErrorHandler		CODE           	2D27	0000	4
		_EUSART_Transmit_ISR		CODE           	2170	0000	34
		_EUSART_Initialize		CODE           	25C3	0000	72
		_EUSART_SetFramingErrorHandler		CODE           	2DD9	0000	9
		_EUSART_SetErrorHandler		CODE           	2DD0	0000	9
		_EUSART_SetOverrunErrorHandler		CODE           	2DE2	0000	9
		_EUSART_Receive_ISR		CODE           	24F6	0000	65
		_EUSART_RxDataHandler		CODE           	2064	0000	27
		_EUSART_DefaultFramingErrorHandler		CODE           	2D16	0000	1

mcc_generated_files/eusart.c estimated size: 351

C:\Program Files\Microchip\xc8\v2.32\pic\sources\c99\common\printf.c
		_printf        		CODE           	2F8A	0000	22

C:\Program Files\Microchip\xc8\v2.32\pic\sources\c99\common\printf.c estimated size: 22

C:\Program Files\Microchip\xc8\v2.32\pic\sources\c99\common\nf_fputc.c
		_fputc         		CODE           	26A4	0000	82

C:\Program Files\Microchip\xc8\v2.32\pic\sources\c99\common\nf_fputc.c estimated size: 82

tester.c
		_okAlert       		CODE           	214F	0000	33
		_testR3        		CODE           	21D8	0000	35
		_processActionForSlave		CODE           	1A6D	0000	254
		_alerteDefaut  		CODE           	186B	0000	137
		_initialConditions		CODE           	07B2	0000	75
		_attenteDemarrage3		CODE           	0443	0000	879
		_setHorloge    		CODE           	2EB4	0000	13
		_errorAlert    		CODE           	260B	0000	72
		_alimenter     		CODE           	2E4C	0000	13
		_testR1        		CODE           	2192	0000	35
		_ledProgession 		CODE           	2E73	0000	13
		_attenteAquittement		CODE           	1804	0000	103
		_getBLEindentifier		CODE           	2459	0000	49
		_activeCLK     		CODE           	2EC1	0000	14
		_getCharacterFormRx		CODE           	1002	0000	67
		_startAlert    		CODE           	2220	0000	38
		_processSlaveResponse		CODE           	0091	0000	946
		_pressBP1      		CODE           	2E80	0000	13
		_pressBP2      		CODE           	2E8D	0000	13
		_setCharacterBit		CODE           	21FB	0000	37
		_releaseCLK    		CODE           	2E33	0000	12
		_testNOK       		CODE           	207F	0000	27
		_ledConforme   		CODE           	2E59	0000	13
		_alerteDefautEtape16		CODE           	1EAE	0000	338
		_testR2        		CODE           	21B5	0000	35
		_waitForBleAcq 		CODE           	2E06	0000	10
		_ledNonConforme		CODE           	2E66	0000	13
		_setP1         		CODE           	2E9A	0000	13
		_testOK        		CODE           	209A	0000	27
		_activerTouche 		CODE           	20F0	0000	31
		_activerBuzzer 		CODE           	22E8	0000	44
		_startPhaseBLE 		CODE           	2429	0000	48
		_sortieErreur  		CODE           	274D	0000	87
		_setP2         		CODE           	2EA7	0000	13
		_getRS232      		CODE           	2EDE	0000	15
		_reponseOperateur		CODE           	1045	0000	149

tester.c estimated size: 3714

C:\Program Files\Microchip\xc8\v2.32\pic\sources\c99\common\aodiv.c
		___aodiv       		CODE           	1B6B	0000	261

C:\Program Files\Microchip\xc8\v2.32\pic\sources\c99\common\aodiv.c estimated size: 261

main.c
		_main          		CODE           	124A	0000	3789

main.c estimated size: 3789

C:\Program Files\Microchip\xc8\v2.32\pic\sources\c99\common\strlen.c
		_strlen        		CODE           	204A	0000	26

C:\Program Files\Microchip\xc8\v2.32\pic\sources\c99\common\strlen.c estimated size: 26

C:\Program Files\Microchip\xc8\v2.32\pic\sources\c99\common\strcpy.c
		_strcpy        		CODE           	2246	0000	39

C:\Program Files\Microchip\xc8\v2.32\pic\sources\c99\common\strcpy.c estimated size: 39

