Microchip MPLAB XC8 Compiler V2.32

Linker command line:

-W-3 --edf=C:\Program Files\Microchip\xc8\v2.32\pic\dat\en_msgs.txt -cn \
  -h+dist/default/production\galeoTesterBiModuleMasterBLE.X.production.sym \
  --cmf=dist/default/production\galeoTesterBiModuleMasterBLE.X.production.cmf \
  -z -Q16LF1939 -oC:\Users\Michel\AppData\Local\Temp\xcAsqao.4 \
  --defsym=__MPLAB_BUILD=1 \
  -Mdist/default/production/galeoTesterBiModuleMasterBLE.X.production.map \
  -E1 -ver=XC8 Compiler --acfsm=1493 -ASTACK=021DBh-023EFh -pstack=STACK \
  -ACODE=00h-07FFhx8 -ASTRCODE=00h-03FFFh -ASTRING=00h-0FFhx64 \
  -ACONST=00h-0FFhx64 -AENTRY=00h-0FFhx64 -ACOMMON=070h-07Fh \
  -ABANK0=020h-06Fh -ABANK1=0A0h-0EFh -ABANK2=0120h-016Fh \
  -ABANK3=01A0h-01EFh -ABANK4=0220h-026Fh -ABANK5=02A0h-02EFh \
  -ABANK6=0320h-036Fh -ABANK7=03A0h-03EFh -ABANK8=0420h-046Fh \
  -ABANK9=04A0h-04EFh -ABANK10=0520h-056Fh -ABANK11=05A0h-05EFh \
  -ABANK12=0620h-064Fh -ABIGRAM=02000h-023EFh \
  -ARAM=020h-06Fh,0A0h-0EFh,0120h-016Fh,01A0h-01EFh,0220h-026Fh,02A0h-02EFh,0320h-036Fh,03A0h-03EFh,0420h-046Fh,04A0h-04EFh,0520h-056Fh,05A0h-05EFh,0620h-064Fh \
  -AABS1=020h-07Fh,0A0h-0EFh,0120h-016Fh,01A0h-01EFh,0220h-026Fh,02A0h-02EFh,0320h-036Fh,03A0h-03EFh,0420h-046Fh,04A0h-04EFh,0520h-056Fh,05A0h-05EFh,0620h-064Fh \
  -ASFR0=00h-01Fh -ASFR1=080h-09Fh -ASFR2=0100h-011Fh -ASFR3=0180h-019Fh \
  -ASFR4=0200h-021Fh -ASFR5=0280h-029Fh -ASFR6=0300h-031Fh \
  -ASFR7=0380h-039Fh -ASFR8=0400h-041Fh -ASFR9=0480h-049Fh \
  -ASFR10=0500h-051Fh -ASFR11=0580h-059Fh -ASFR12=0600h-061Fh \
  -ASFR13=0680h-06EFh -ASFR14=0700h-076Fh -ASFR15=0780h-07EFh \
  -ASFR16=0800h-086Fh -ASFR17=0880h-08EFh -ASFR18=0900h-096Fh \
  -ASFR19=0980h-09EFh -ASFR20=0A00h-0A6Fh -ASFR21=0A80h-0AEFh \
  -ASFR22=0B00h-0B6Fh -ASFR23=0B80h-0BEFh -ASFR24=0C00h-0C6Fh \
  -ASFR25=0C80h-0CEFh -ASFR26=0D00h-0D6Fh -ASFR27=0D80h-0DEFh \
  -ASFR28=0E00h-0E6Fh -ASFR29=0E80h-0EEFh -ASFR30=0F00h-0F6Fh \
  -ASFR31=0F80h-0FEFh -ACONFIG=08007h-08008h -DCONFIG=2 \
  -AIDLOC=08000h-08003h -DIDLOC=2 -AEEDATA=00h-0FFh/0F000h \
  -peeprom_data=EEDATA -DEEDATA=2 -DCODE=2 -DSTRCODE=2 -DSTRING=2 -DCONST=2 \
  -DENTRY=2 -preset_vec=00h,intentry=04h,init,end_init -ppowerup=CODE \
  -pcinit=CODE -pfunctab=ENTRY -k \
  C:\Users\Michel\AppData\Local\Temp\xcAsqao.o \
  dist/default/production\galeoTesterBiModuleMasterBLE.X.production.o 

Object code version is 3.11

Machine type is 16LF1939



                Name                               Link     Load   Length Selector   Space Scale
C:\Users\Michel\AppData\Local\Temp\xcAsqao.o
                end_init                             4A       4A        2        8       0
                reset_vec                             0        0        2        0       0
                config                             8007     8007        2        0       4
                idloc                              8000     8000        4        0       5
dist/default/production\galeoTesterBiModuleMasterBLE.X.production.o
                cinit                                4C       4C       43        8       0
                intentry                              4        4       46        8       0
                maintext_split_3                    805      805      7FB     100A       0
                maintext_split_2                   14E0     14E0      320     29C0       0
                maintext_split_1                   1C70     1C70      11C     38E0       0
                config                             8007     8007        2        0       4
                idloc                              8000     8000        4        0       5
                text135                            205D     205D       1B     40BA       0
                text134                            2D26     2D26        4     5A4C       0
                text133                            2D13     2D13        1     5A26       0
                text132                            2D2A     2D2A        4     5A54       0
                text131                            24F6     24F6       41     49EC       0
                text130                            2169     2169       22     42D2       0
                text129                            2D17     2D17        3     5A2E       0
                text128                            2D1A     2D1A        3     5A34       0
                text127                            2EE7     2EE7       10     5DCE       0
                text126                            228F     228F       2A     451E       0
                text125                            2E39     2E39        D     5C72       0
                text124                            2F17     2F17       11     5E2E       0
                text123                            2F28     2F28       11     5E50       0
                text122                            2F39     2F39       11     5E72       0
                text121                            2000     2000       11     3D5C       0
                text120                            2F9F     2F9F       18     5F3E       0
                text119                            2D15     2D15        2     5A2A       0
                text118                               2        2        2        0       0
                text117                            2D1D     2D1D        3     5A3A       0
                text116                            2D2E     2D2E        4     5A5C       0
                text115                            2D20     2D20        3     5A40       0
                text114                            2D32     2D32        4     5A64       0
                text113                            2D3A     2D3A        5     5A74       0
                text112                            2D85     2D85        6     5B0A       0
                text111                            2D23     2D23        3     5A46       0
                text110                            239B     239B       2F     4736       0
                text109                            2D3F     2D3F        5     5A7E       0
                text108                            2DC1     2DC1        9     5B82       0
                text107                            2DB1     2DB1        8     5B62       0
                text106                            26F6     26F6       57     4DEC       0
                text105                            2537     2537       46     4A6E       0
                text104                            2DA3     2DA3        7     5B46       0
                text103                            2D44     2D44        5     5A88       0
                text102                            2D49     2D49        5     5A92       0
                text101                            2D4E     2D4E        5     5A9C       0
                text100                            2D53     2D53        5     5AA6       0
                text99                             2D58     2D58        5     5AB0       0
                text98                             2D5D     2D5D        5     5ABA       0
                text97                             2D62     2D62        5     5AC4       0
                text96                             2D67     2D67        5     5ACE       0
                text95                             22E5     22E5       2D     45CA       0
                text94                             1000     1000        3     100A       0
                text93                             233F     233F       2E     467E       0
                text92                             2D36     2D36        4     5A6C       0
                text90                             2127     2127       21     424E       0
                text89                             2E0A     2E0A        B     5C14       0
                text88                             2EC9     2EC9        F     5D92       0
                text87                             2DB9     2DB9        8     5B72       0
                text86                             2DCA     2DCA        9     5B94       0
                text85                             2DD3     2DD3        9     5BA6       0
                text84                             2DDC     2DDC        9     5BB8       0
                text83                             2DE5     2DE5        9     5BCA       0
                text82                             2DEE     2DEE        9     5BDC       0
                text81                             25C3     25C3       48     4B86       0
                text80                             2E15     2E15        C     5C2A       0
                text79                             20CA     20CA       1F     4194       0
                text78                             1800     1800        4     29C0       0
                text77                             2EF7     2EF7       10     5DEE       0
                text76                             20E9     20E9       1F     41D2       0
                text75                             2E46     2E46        D     5C8C       0
                text74                             2E21     2E21        C     5C42       0
                text73                             2D8B     2D8B        6     5B16       0
                text72                             2D91     2D91        6     5B22       0
                text71                             2F07     2F07       10     5E0E       0
                text70                             2F5D     2F5D       15     5EBA       0
                text69                             2FB7     2FB7       18     5F6E       0
                text68                             2FCF     2FCF       18     5F9E       0
                text67                             2DF7     2DF7        9     5BEE       0
                text66                             23CA     23CA       2F     4794       0
                text65                             2FE7     2FE7       19     5FCE       0
                text64                             2108     2108       1F     4210       0
                text63                             2653     2653       51     4CA6       0
                text62                             22B9     22B9       2C     4572       0
                text61                             260B     260B       48     4C16       0
                text60                             2E53     2E53        D     5CA6       0
                text59                             2E60     2E60        D     5CC0       0
                text58                             2E6D     2E6D        D     5CDA       0
                text57                             1B6B     1B6B      105     36D6       0
                text56                             1980     1980       ED     3300       0
                text55                             20AE     20AE       1C     415C       0
                text54                             2312     2312       2D     4624       0
                text53                             2DAA     2DAA        7     5B54       0
                text52                             26A4     26A4       52     4D48       0
                text51                             2266     2266       29     44CC       0
                text50                             2043     2043       1A     4086       0
                text49                             27A4     27A4       5C     4F48       0
                text48                             10DA     10DA      170     21B4       0
                text47                             1D8C     1D8C      122     3B18       0
                text46                             248A     248A       34     4914       0
                text45                             2F72     2F72       16     5EE4       0
                text44                             223F     223F       27     447E       0
                text43                             2F88     2F88       17     5F10       0
                text42                             186B     186B       89     30D6       0
                text41                             23F9     23F9       2F     47F2       0
                text40                             2078     2078       1B     40F0       0
                text39                             2093     2093       1B     4126       0
                text38                             1045     1045       95     208A       0
                text37                             1804     1804       67     3008       0
                text36                             2E7A     2E7A        D     5CF4       0
                text35                             2E87     2E87        D     5D0E       0
                text34                             2E94     2E94        D     5D28       0
                text33                             2EA1     2EA1        D     5D42       0
                text32                              7B0      7B0       4B        8       0
                text31                             274D     274D       57     4E9A       0
                text30                             218B     218B       23     4316       0
                text29                             21AE     21AE       23     435C       0
                text28                             21D1     21D1       23     43A2       0
                text27                             1EAE     1EAE      152     3D5C       0
                text26                             257D     257D       46     4AFA       0
                text25                             2D6C     2D6C        5     5AD8       0
                text24                             18F4     18F4       8C     31E8       0
                text23                             2011     2011       19     4022       0
                text22                               8F       8F      3B2        8       0
                text21                             2D71     2D71        5     5AE2       0
                text20                             2D76     2D76        5     5AEC       0
                text19                             2D7B     2D7B        5     5AF6       0
                text18                             2D80     2D80        5     5B00       0
                text17                              800      800        5        8       0
                text16                              441      441      36F        8       0
                text15                             202A     202A       19     4054       0
                text14                             2EBB     2EBB        E     5D76       0
                text13                             21F4     21F4       25     43E8       0
                text12                             1003     1003       42     2006       0
                text11                             2E2D     2E2D        C     5C5A       0
                text10                             236D     236D       2E     46DA       0
                text9                              2ED8     2ED8        F     5DB0       0
                text8                               7FB      7FB        5        8       0
                text7                              2219     2219       26     4432       0
                text6                              2148     2148       21     4290       0
                text5                              1A6D     1A6D       FE     34DA       0
                text4                              2EAE     2EAE        D     5D5C       0
                text3                              24BE     24BE       38     497C       0
                text2                              2428     2428       30     4850       0
                text1                              2F4A     2F4A       13     5E94       0
                maintext                           124A     124A      296     2494       0
                cstackBANK0                          20       20       4A       20       1
                cstackCOMMON                         70       70        D       70       1
                cstackBANK1                          A0       A0       3F       A0       1
                cstackBANK2                         120      120       25      120       1
                cstackBANK5                         2A0      2A0       2B      2A0       1
                clrtext                            2D97     2D97        6     5B2E       0
                inittext                           2D9D     2D9D        6     5B3A       0
                bssBANK5                            2CB      2CB       20      2A0       1
                dataBANK4                           220      220       32      220       1
                dataBANK3                           1DD      1DD        A      1A0       1
                bssBANK3                            1A0      1A0       3D      1A0       1
                bssBANK2                            145      145        4      120       1
                dataBANK1                            EE       EE        1       A0       1
                bssBANK1                             DF       DF        F       A0       1
                bssBANK0                             6A       6A        3       20       1
                bssCOMMON                            7D       7D        1       70       1
                stringtext120                      365D     365D        3     6000       0
                stringtext119                      3655     3655        8     6000       0
                stringtext118                      364D     364D        8     6000       0
                stringtext117                      3645     3645        8     6000       0
                stringtext116                      363D     363D        8     6000       0
                stringtext115                      3635     3635        8     6000       0
                stringtext114                      362D     362D        8     6000       0
                stringtext113                      3625     3625        8     6000       0
                stringtext112                      361D     361D        8     6000       0
                stringtext111                      3615     3615        8     6000       0
                stringtext110                      360D     360D        8     6000       0
                stringtext109                      3605     3605        8     6000       0
                stringtext108                      35FC     35FC        9     6000       0
                stringtext107                      35F3     35F3        9     6000       0
                stringtext106                      35EA     35EA        9     6000       0
                stringtext105                      35E1     35E1        9     6000       0
                stringtext104                      35D8     35D8        9     6000       0
                stringtext103                      35CF     35CF        9     6000       0
                stringtext102                      35C6     35C6        9     6000       0
                stringtext101                      35BD     35BD        9     6000       0
                stringtext100                      35B4     35B4        9     6000       0
                stringtext99                       35A9     35A9        B     6000       0
                stringtext98                       359E     359E        B     6000       0
                stringtext97                       3592     3592        C     6000       0
                stringtext96                       3586     3586        C     6000       0
                stringtext95                       357A     357A        C     6000       0
                stringtext94                       356E     356E        C     6000       0
                stringtext93                       3562     3562        C     6000       0
                stringtext92                       3556     3556        C     6000       0
                stringtext91                       354A     354A        C     6000       0
                stringtext90                       353E     353E        C     6000       0
                stringtext89                       3532     3532        C     6000       0
                stringtext88                       3526     3526        C     6000       0
                stringtext87                       351A     351A        C     6000       0
                stringtext86                       350D     350D        D     6000       0
                stringtext85                       3500     3500        D     6000       0
                stringtext84                       34F3     34F3        D     6000       0
                stringtext83                       34E6     34E6        D     6000       0
                stringtext82                       34D9     34D9        D     6000       0
                stringtext81                       34CC     34CC        D     6000       0
                stringtext80                       34BF     34BF        D     6000       0
                stringtext79                       34B2     34B2        D     6000       0
                stringtext78                       34A5     34A5        D     6000       0
                stringtext77                       3498     3498        D     6000       0
                stringtext76                       348A     348A        E     6000       0
                stringtext75                       347C     347C        E     6000       0
                stringtext74                       346E     346E        E     6000       0
                stringtext73                       345F     345F        F     6000       0
                stringtext72                       3450     3450        F     6000       0
                stringtext71                       3441     3441        F     6000       0
                stringtext70                       3432     3432        F     6000       0
                stringtext69                       3423     3423        F     6000       0
                stringtext68                       3414     3414        F     6000       0
                stringtext67                       3405     3405        F     6000       0
                stringtext66                       33F6     33F6        F     6000       0
                stringtext65                       33E7     33E7        F     6000       0
                stringtext64                       33D7     33D7       10     6000       0
                stringtext63                       33C7     33C7       10     6000       0
                stringtext62                       33B6     33B6       11     6000       0
                stringtext61                       33A5     33A5       11     6000       0
                stringtext60                       3394     3394       11     6000       0
                stringtext59                       3383     3383       11     6000       0
                stringtext58                       3372     3372       11     6000       0
                stringtext57                       3361     3361       11     6000       0
                stringtext56                       3350     3350       11     6000       0
                stringtext55                       333F     333F       11     6000       0
                stringtext54                       332E     332E       11     6000       0
                stringtext53                       331D     331D       11     6000       0
                stringtext52                       330C     330C       11     6000       0
                stringtext51                       32FB     32FB       11     6000       0
                stringtext50                       32EA     32EA       11     6000       0
                stringtext49                       32D9     32D9       11     6000       0
                stringtext48                       32C8     32C8       11     6000       0
                stringtext47                       32B7     32B7       11     6000       0
                stringtext46                       32A5     32A5       12     6000       0
                stringtext45                       3293     3293       12     6000       0
                stringtext44                       3281     3281       12     6000       0
                stringtext43                       326F     326F       12     6000       0
                stringtext42                       325D     325D       12     6000       0
                stringtext41                       324B     324B       12     6000       0
                stringtext40                       3239     3239       12     6000       0
                stringtext39                       3227     3227       12     6000       0
                stringtext38                       3215     3215       12     6000       0
                stringtext37                       3203     3203       12     6000       0
                stringtext36                       31F1     31F1       12     6000       0
                stringtext35                       31DF     31DF       12     6000       0
                stringtext34                       31CD     31CD       12     6000       0
                stringtext33                       31BB     31BB       12     6000       0
                stringtext32                       31A9     31A9       12     6000       0
                stringtext31                       3196     3196       13     6000       0
                stringtext30                       3183     3183       13     6000       0
                stringtext29                       3170     3170       13     6000       0
                stringtext28                       315C     315C       14     6000       0
                stringtext27                       3148     3148       14     6000       0
                stringtext26                       3134     3134       14     6000       0
                stringtext25                       3120     3120       14     6000       0
                stringtext24                       310B     310B       15     6000       0
                stringtext23                       30F6     30F6       15     6000       0
                stringtext22                       30E1     30E1       15     6000       0
                stringtext21                       30CC     30CC       15     6000       0
                stringtext20                       30B7     30B7       15     6000       0
                stringtext19                       30A2     30A2       15     6000       0
                stringtext18                       308C     308C       16     6000       0
                stringtext17                       3075     3075       17     6000       0
                stringtext16                       305E     305E       17     6000       0
                stringtext15                       3047     3047       17     6000       0
                stringtext14                       3030     3030       17     6000       0
                stringtext13                       3018     3018       18     6000       0
                stringtext12                       3000     3000       18     6000       0
                stringtext11                       294F     294F       19     5000       0
                stringtext10                       2936     2936       19     5000       0
                stringtext9                        291D     291D       19     5000       0
                stringtext8                        2903     2903       1A     5000       0
                stringtext7                        28E9     28E9       1A     5000       0
                stringtext6                        28CF     28CF       1A     5000       0
                stringtext5                        28B3     28B3       1C     5000       0
                stringtext4                        2894     2894       1F     5000       0
                stringtext3                        286F     286F       25     5000       0
                stringtext2                        284A     284A       25     5000       0
                stringtext1                        2800     2800       4A     5000       0
                idataBANK4                         2458     2458       32     48B0       0
                idataBANK3                         2E00     2E00        A     5C00       0
                idataBANK1                         2D14     2D14        1     5A28       0

TOTAL           Name                               Link     Load   Length     Space
        CLASS   STACK          

        CLASS   CODE           
                end_init                             4A       4A        2         0
                cinit                                4C       4C       43         0
                intentry                              4        4       46         0
                reset_vec                             0        0        2         0
                maintext_split_3                    805      805      7FB         0
                maintext_split_2                   14E0     14E0      320         0
                maintext_split_1                   1C70     1C70      11C         0
                text135                            205D     205D       1B         0
                text134                            2D26     2D26        4         0
                text133                            2D13     2D13        1         0
                text132                            2D2A     2D2A        4         0
                text131                            24F6     24F6       41         0
                text130                            2169     2169       22         0
                text129                            2D17     2D17        3         0
                text128                            2D1A     2D1A        3         0
                text127                            2EE7     2EE7       10         0
                text126                            228F     228F       2A         0
                text125                            2E39     2E39        D         0
                text124                            2F17     2F17       11         0
                text123                            2F28     2F28       11         0
                text122                            2F39     2F39       11         0
                text121                            2000     2000       11         0
                text120                            2F9F     2F9F       18         0
                text119                            2D15     2D15        2         0
                text118                               2        2        2         0
                text117                            2D1D     2D1D        3         0
                text116                            2D2E     2D2E        4         0
                text115                            2D20     2D20        3         0
                text114                            2D32     2D32        4         0
                text113                            2D3A     2D3A        5         0
                text112                            2D85     2D85        6         0
                text111                            2D23     2D23        3         0
                text110                            239B     239B       2F         0
                text109                            2D3F     2D3F        5         0
                text108                            2DC1     2DC1        9         0
                text107                            2DB1     2DB1        8         0
                text106                            26F6     26F6       57         0
                text105                            2537     2537       46         0
                text104                            2DA3     2DA3        7         0
                text103                            2D44     2D44        5         0
                text102                            2D49     2D49        5         0
                text101                            2D4E     2D4E        5         0
                text100                            2D53     2D53        5         0
                text99                             2D58     2D58        5         0
                text98                             2D5D     2D5D        5         0
                text97                             2D62     2D62        5         0
                text96                             2D67     2D67        5         0
                text95                             22E5     22E5       2D         0
                text94                             1000     1000        3         0
                text93                             233F     233F       2E         0
                text92                             2D36     2D36        4         0
                text90                             2127     2127       21         0
                text89                             2E0A     2E0A        B         0
                text88                             2EC9     2EC9        F         0
                text87                             2DB9     2DB9        8         0
                text86                             2DCA     2DCA        9         0
                text85                             2DD3     2DD3        9         0
                text84                             2DDC     2DDC        9         0
                text83                             2DE5     2DE5        9         0
                text82                             2DEE     2DEE        9         0
                text81                             25C3     25C3       48         0
                text80                             2E15     2E15        C         0
                text79                             20CA     20CA       1F         0
                text78                             1800     1800        4         0
                text77                             2EF7     2EF7       10         0
                text76                             20E9     20E9       1F         0
                text75                             2E46     2E46        D         0
                text74                             2E21     2E21        C         0
                text73                             2D8B     2D8B        6         0
                text72                             2D91     2D91        6         0
                text71                             2F07     2F07       10         0
                text70                             2F5D     2F5D       15         0
                text69                             2FB7     2FB7       18         0
                text68                             2FCF     2FCF       18         0
                text67                             2DF7     2DF7        9         0
                text66                             23CA     23CA       2F         0
                text65                             2FE7     2FE7       19         0
                text64                             2108     2108       1F         0
                text63                             2653     2653       51         0
                text62                             22B9     22B9       2C         0
                text61                             260B     260B       48         0
                text60                             2E53     2E53        D         0
                text59                             2E60     2E60        D         0
                text58                             2E6D     2E6D        D         0
                text57                             1B6B     1B6B      105         0
                text56                             1980     1980       ED         0
                text55                             20AE     20AE       1C         0
                text54                             2312     2312       2D         0
                text53                             2DAA     2DAA        7         0
                text52                             26A4     26A4       52         0
                text51                             2266     2266       29         0
                text50                             2043     2043       1A         0
                text49                             27A4     27A4       5C         0
                text48                             10DA     10DA      170         0
                text47                             1D8C     1D8C      122         0
                text46                             248A     248A       34         0
                text45                             2F72     2F72       16         0
                text44                             223F     223F       27         0
                text43                             2F88     2F88       17         0
                text42                             186B     186B       89         0
                text41                             23F9     23F9       2F         0
                text40                             2078     2078       1B         0
                text39                             2093     2093       1B         0
                text38                             1045     1045       95         0
                text37                             1804     1804       67         0
                text36                             2E7A     2E7A        D         0
                text35                             2E87     2E87        D         0
                text34                             2E94     2E94        D         0
                text33                             2EA1     2EA1        D         0
                text32                              7B0      7B0       4B         0
                text31                             274D     274D       57         0
                text30                             218B     218B       23         0
                text29                             21AE     21AE       23         0
                text28                             21D1     21D1       23         0
                text27                             1EAE     1EAE      152         0
                text26                             257D     257D       46         0
                text25                             2D6C     2D6C        5         0
                text24                             18F4     18F4       8C         0
                text23                             2011     2011       19         0
                text22                               8F       8F      3B2         0
                text21                             2D71     2D71        5         0
                text20                             2D76     2D76        5         0
                text19                             2D7B     2D7B        5         0
                text18                             2D80     2D80        5         0
                text17                              800      800        5         0
                text16                              441      441      36F         0
                text15                             202A     202A       19         0
                text14                             2EBB     2EBB        E         0
                text13                             21F4     21F4       25         0
                text12                             1003     1003       42         0
                text11                             2E2D     2E2D        C         0
                text10                             236D     236D       2E         0
                text9                              2ED8     2ED8        F         0
                text8                               7FB      7FB        5         0
                text7                              2219     2219       26         0
                text6                              2148     2148       21         0
                text5                              1A6D     1A6D       FE         0
                text4                              2EAE     2EAE        D         0
                text3                              24BE     24BE       38         0
                text2                              2428     2428       30         0
                text1                              2F4A     2F4A       13         0
                maintext                           124A     124A      296         0
                clrtext                            2D97     2D97        6         0
                inittext                           2D9D     2D9D        6         0
                idataBANK4                         2458     2458       32         0
                idataBANK3                         2E00     2E00        A         0
                idataBANK1                         2D14     2D14        1         0

        CLASS   STRCODE        
                stringtext120                      365D     365D        3         0
                stringtext119                      3655     3655        8         0
                stringtext118                      364D     364D        8         0
                stringtext117                      3645     3645        8         0
                stringtext116                      363D     363D        8         0
                stringtext115                      3635     3635        8         0
                stringtext114                      362D     362D        8         0
                stringtext113                      3625     3625        8         0
                stringtext112                      361D     361D        8         0
                stringtext111                      3615     3615        8         0
                stringtext110                      360D     360D        8         0
                stringtext109                      3605     3605        8         0
                stringtext108                      35FC     35FC        9         0
                stringtext107                      35F3     35F3        9         0
                stringtext106                      35EA     35EA        9         0
                stringtext105                      35E1     35E1        9         0
                stringtext104                      35D8     35D8        9         0
                stringtext103                      35CF     35CF        9         0
                stringtext102                      35C6     35C6        9         0
                stringtext101                      35BD     35BD        9         0
                stringtext100                      35B4     35B4        9         0
                stringtext99                       35A9     35A9        B         0
                stringtext98                       359E     359E        B         0
                stringtext97                       3592     3592        C         0
                stringtext96                       3586     3586        C         0
                stringtext95                       357A     357A        C         0
                stringtext94                       356E     356E        C         0
                stringtext93                       3562     3562        C         0
                stringtext92                       3556     3556        C         0
                stringtext91                       354A     354A        C         0
                stringtext90                       353E     353E        C         0
                stringtext89                       3532     3532        C         0
                stringtext88                       3526     3526        C         0
                stringtext87                       351A     351A        C         0
                stringtext86                       350D     350D        D         0
                stringtext85                       3500     3500        D         0
                stringtext84                       34F3     34F3        D         0
                stringtext83                       34E6     34E6        D         0
                stringtext82                       34D9     34D9        D         0
                stringtext81                       34CC     34CC        D         0
                stringtext80                       34BF     34BF        D         0
                stringtext79                       34B2     34B2        D         0
                stringtext78                       34A5     34A5        D         0
                stringtext77                       3498     3498        D         0
                stringtext76                       348A     348A        E         0
                stringtext75                       347C     347C        E         0
                stringtext74                       346E     346E        E         0
                stringtext73                       345F     345F        F         0
                stringtext72                       3450     3450        F         0
                stringtext71                       3441     3441        F         0
                stringtext70                       3432     3432        F         0
                stringtext69                       3423     3423        F         0
                stringtext68                       3414     3414        F         0
                stringtext67                       3405     3405        F         0
                stringtext66                       33F6     33F6        F         0
                stringtext65                       33E7     33E7        F         0
                stringtext64                       33D7     33D7       10         0
                stringtext63                       33C7     33C7       10         0
                stringtext62                       33B6     33B6       11         0
                stringtext61                       33A5     33A5       11         0
                stringtext60                       3394     3394       11         0
                stringtext59                       3383     3383       11         0
                stringtext58                       3372     3372       11         0
                stringtext57                       3361     3361       11         0
                stringtext56                       3350     3350       11         0
                stringtext55                       333F     333F       11         0
                stringtext54                       332E     332E       11         0
                stringtext53                       331D     331D       11         0
                stringtext52                       330C     330C       11         0
                stringtext51                       32FB     32FB       11         0
                stringtext50                       32EA     32EA       11         0
                stringtext49                       32D9     32D9       11         0
                stringtext48                       32C8     32C8       11         0
                stringtext47                       32B7     32B7       11         0
                stringtext46                       32A5     32A5       12         0
                stringtext45                       3293     3293       12         0
                stringtext44                       3281     3281       12         0
                stringtext43                       326F     326F       12         0
                stringtext42                       325D     325D       12         0
                stringtext41                       324B     324B       12         0
                stringtext40                       3239     3239       12         0
                stringtext39                       3227     3227       12         0
                stringtext38                       3215     3215       12         0
                stringtext37                       3203     3203       12         0
                stringtext36                       31F1     31F1       12         0
                stringtext35                       31DF     31DF       12         0
                stringtext34                       31CD     31CD       12         0
                stringtext33                       31BB     31BB       12         0
                stringtext32                       31A9     31A9       12         0
                stringtext31                       3196     3196       13         0
                stringtext30                       3183     3183       13         0
                stringtext29                       3170     3170       13         0
                stringtext28                       315C     315C       14         0
                stringtext27                       3148     3148       14         0
                stringtext26                       3134     3134       14         0
                stringtext25                       3120     3120       14         0
                stringtext24                       310B     310B       15         0
                stringtext23                       30F6     30F6       15         0
                stringtext22                       30E1     30E1       15         0
                stringtext21                       30CC     30CC       15         0
                stringtext20                       30B7     30B7       15         0
                stringtext19                       30A2     30A2       15         0
                stringtext18                       308C     308C       16         0
                stringtext17                       3075     3075       17         0
                stringtext16                       305E     305E       17         0
                stringtext15                       3047     3047       17         0
                stringtext14                       3030     3030       17         0
                stringtext13                       3018     3018       18         0
                stringtext12                       3000     3000       18         0
                stringtext11                       294F     294F       19         0
                stringtext10                       2936     2936       19         0
                stringtext9                        291D     291D       19         0
                stringtext8                        2903     2903       1A         0
                stringtext7                        28E9     28E9       1A         0
                stringtext6                        28CF     28CF       1A         0
                stringtext5                        28B3     28B3       1C         0
                stringtext4                        2894     2894       1F         0
                stringtext3                        286F     286F       25         0
                stringtext2                        284A     284A       25         0
                stringtext1                        2800     2800       4A         0

        CLASS   STRING         

        CLASS   CONST          

        CLASS   ENTRY          

        CLASS   COMMON         
                cstackCOMMON                         70       70        D         1
                bssCOMMON                            7D       7D        1         1

        CLASS   BANK0          
                cstackBANK0                          20       20       4A         1
                bssBANK0                             6A       6A        3         1

        CLASS   BANK1          
                cstackBANK1                          A0       A0       3F         1
                dataBANK1                            EE       EE        1         1
                bssBANK1                             DF       DF        F         1

        CLASS   BANK2          
                cstackBANK2                         120      120       25         1
                bssBANK2                            145      145        4         1

        CLASS   BANK3          
                dataBANK3                           1DD      1DD        A         1
                bssBANK3                            1A0      1A0       3D         1

        CLASS   BANK4          
                dataBANK4                           220      220       32         1

        CLASS   BANK5          
                cstackBANK5                         2A0      2A0       2B         1
                bssBANK5                            2CB      2CB       20         1

        CLASS   BANK6          

        CLASS   BANK7          

        CLASS   BANK8          

        CLASS   BANK9          

        CLASS   BANK10         

        CLASS   BANK11         

        CLASS   BANK12         

        CLASS   BIGRAM         

        CLASS   RAM            

        CLASS   ABS1           
                abs_s1                               7E       7E        2         1

        CLASS   SFR0           

        CLASS   SFR1           

        CLASS   SFR2           

        CLASS   SFR3           

        CLASS   SFR4           

        CLASS   SFR5           

        CLASS   SFR6           

        CLASS   SFR7           

        CLASS   SFR8           

        CLASS   SFR9           

        CLASS   SFR10          

        CLASS   SFR11          

        CLASS   SFR12          

        CLASS   SFR13          

        CLASS   SFR14          

        CLASS   SFR15          

        CLASS   SFR16          

        CLASS   SFR17          

        CLASS   SFR18          

        CLASS   SFR19          

        CLASS   SFR20          

        CLASS   SFR21          

        CLASS   SFR22          

        CLASS   SFR23          

        CLASS   SFR24          

        CLASS   SFR25          

        CLASS   SFR26          

        CLASS   SFR27          

        CLASS   SFR28          

        CLASS   SFR29          

        CLASS   SFR30          

        CLASS   SFR31          

        CLASS   CONFIG         
                config                             8007     8007        2         4

        CLASS   IDLOC          
                idloc                              8000     8000        4         5

        CLASS   EEDATA         

        CLASS   BANK31         

        CLASS   BANK30         

        CLASS   BANK29         

        CLASS   BANK28         

        CLASS   BANK27         

        CLASS   BANK26         

        CLASS   BANK25         

        CLASS   BANK24         

        CLASS   BANK23         

        CLASS   BANK22         

        CLASS   BANK21         

        CLASS   BANK20         

        CLASS   BANK19         

        CLASS   BANK18         

        CLASS   BANK17         

        CLASS   BANK16         

        CLASS   BANK15         

        CLASS   BANK14         

        CLASS   BANK13         



SEGMENTS        Name                           Load    Length   Top    Selector   Space  Class     Delta

                reset_vec                      000000  000004  000004         0       0  CODE        2
                intentry                       000004  000801  000805         8       0  CODE        2
                cstackBANK0                    000020  00004D  00006D        20       1  BANK0       1
                cstackCOMMON                   000070  00000E  00007E        70       1  COMMON      1
                cstackBANK1                    0000A0  00004F  0000EF        A0       1  BANK1       1
                cstackBANK2                    000120  000029  000149       120       1  BANK2       1
                bssBANK3                       0001A0  000047  0001E7       1A0       1  BANK3       1
                dataBANK4                      000220  000032  000252       220       1  BANK4       1
                cstackBANK5                    0002A0  00004B  0002EB       2A0       1  BANK5       1
                maintext_split_3               000805  0007FE  001003      100A       0  CODE        2
                text12                         001003  000042  001045      2006       0  CODE        2
                text38                         001045  000095  0010DA      208A       0  CODE        2
                text48                         0010DA  000170  00124A      21B4       0  CODE        2
                maintext                       00124A  000296  0014E0      2494       0  CODE        2
                maintext_split_2               0014E0  000324  001804      29C0       0  CODE        2
                text37                         001804  000067  00186B      3008       0  CODE        2
                text42                         00186B  000089  0018F4      30D6       0  CODE        2
                text24                         0018F4  00008C  001980      31E8       0  CODE        2
                text56                         001980  0000ED  001A6D      3300       0  CODE        2
                text5                          001A6D  0000FE  001B6B      34DA       0  CODE        2
                text57                         001B6B  000105  001C70      36D6       0  CODE        2
                maintext_split_1               001C70  00011C  001D8C      38E0       0  CODE        2
                text47                         001D8C  000122  001EAE      3B18       0  CODE        2
                text27                         001EAE  000163  002011      3D5C       0  CODE        2
                text23                         002011  000019  00202A      4022       0  CODE        2
                text15                         00202A  000019  002043      4054       0  CODE        2
                text50                         002043  00001A  00205D      4086       0  CODE        2
                text135                        00205D  00001B  002078      40BA       0  CODE        2
                text40                         002078  00001B  002093      40F0       0  CODE        2
                text39                         002093  00001B  0020AE      4126       0  CODE        2
                text55                         0020AE  00001C  0020CA      415C       0  CODE        2
                text79                         0020CA  00001F  0020E9      4194       0  CODE        2
                text76                         0020E9  00001F  002108      41D2       0  CODE        2
                text64                         002108  00001F  002127      4210       0  CODE        2
                text90                         002127  000021  002148      424E       0  CODE        2
                text6                          002148  000021  002169      4290       0  CODE        2
                text130                        002169  000022  00218B      42D2       0  CODE        2
                text30                         00218B  000023  0021AE      4316       0  CODE        2
                text29                         0021AE  000023  0021D1      435C       0  CODE        2
                text28                         0021D1  000023  0021F4      43A2       0  CODE        2
                text13                         0021F4  000025  002219      43E8       0  CODE        2
                text7                          002219  000026  00223F      4432       0  CODE        2
                text44                         00223F  000027  002266      447E       0  CODE        2
                text51                         002266  000029  00228F      44CC       0  CODE        2
                text126                        00228F  00002A  0022B9      451E       0  CODE        2
                text62                         0022B9  00002C  0022E5      4572       0  CODE        2
                text95                         0022E5  00002D  002312      45CA       0  CODE        2
                text54                         002312  00002D  00233F      4624       0  CODE        2
                text93                         00233F  00002E  00236D      467E       0  CODE        2
                text10                         00236D  00002E  00239B      46DA       0  CODE        2
                text110                        00239B  00002F  0023CA      4736       0  CODE        2
                text66                         0023CA  00002F  0023F9      4794       0  CODE        2
                text41                         0023F9  00002F  002428      47F2       0  CODE        2
                text2                          002428  000030  002458      4850       0  CODE        2
                idataBANK4                     002458  000032  00248A      48B0       0  CODE        2
                text46                         00248A  000034  0024BE      4914       0  CODE        2
                text3                          0024BE  000038  0024F6      497C       0  CODE        2
                text131                        0024F6  000041  002537      49EC       0  CODE        2
                text105                        002537  000046  00257D      4A6E       0  CODE        2
                text26                         00257D  000046  0025C3      4AFA       0  CODE        2
                text81                         0025C3  000048  00260B      4B86       0  CODE        2
                text61                         00260B  000048  002653      4C16       0  CODE        2
                text63                         002653  000051  0026A4      4CA6       0  CODE        2
                text52                         0026A4  000052  0026F6      4D48       0  CODE        2
                text106                        0026F6  000057  00274D      4DEC       0  CODE        2
                text31                         00274D  000057  0027A4      4E9A       0  CODE        2
                text49                         0027A4  00005C  002800      4F48       0  CODE        2
                stringtext1                    002800  000168  002968      5000       0  STRCODE     2
                text133                        002D13  000001  002D14      5A26       0  CODE        2
                idataBANK1                     002D14  000001  002D15      5A28       0  CODE        2
                text119                        002D15  000002  002D17      5A2A       0  CODE        2
                text129                        002D17  000003  002D1A      5A2E       0  CODE        2
                text128                        002D1A  000003  002D1D      5A34       0  CODE        2
                text117                        002D1D  000003  002D20      5A3A       0  CODE        2
                text115                        002D20  000003  002D23      5A40       0  CODE        2
                text111                        002D23  000003  002D26      5A46       0  CODE        2
                text134                        002D26  000004  002D2A      5A4C       0  CODE        2
                text132                        002D2A  000004  002D2E      5A54       0  CODE        2
                text116                        002D2E  000004  002D32      5A5C       0  CODE        2
                text114                        002D32  000004  002D36      5A64       0  CODE        2
                text92                         002D36  000004  002D3A      5A6C       0  CODE        2
                text113                        002D3A  000005  002D3F      5A74       0  CODE        2
                text109                        002D3F  000005  002D44      5A7E       0  CODE        2
                text103                        002D44  000005  002D49      5A88       0  CODE        2
                text102                        002D49  000005  002D4E      5A92       0  CODE        2
                text101                        002D4E  000005  002D53      5A9C       0  CODE        2
                text100                        002D53  000005  002D58      5AA6       0  CODE        2
                text99                         002D58  000005  002D5D      5AB0       0  CODE        2
                text98                         002D5D  000005  002D62      5ABA       0  CODE        2
                text97                         002D62  000005  002D67      5AC4       0  CODE        2
                text96                         002D67  000005  002D6C      5ACE       0  CODE        2
                text25                         002D6C  000005  002D71      5AD8       0  CODE        2
                text21                         002D71  000005  002D76      5AE2       0  CODE        2
                text20                         002D76  000005  002D7B      5AEC       0  CODE        2
                text19                         002D7B  000005  002D80      5AF6       0  CODE        2
                text18                         002D80  000005  002D85      5B00       0  CODE        2
                text112                        002D85  000006  002D8B      5B0A       0  CODE        2
                text73                         002D8B  000006  002D91      5B16       0  CODE        2
                text72                         002D91  000006  002D97      5B22       0  CODE        2
                clrtext                        002D97  000006  002D9D      5B2E       0  CODE        2
                inittext                       002D9D  000006  002DA3      5B3A       0  CODE        2
                text104                        002DA3  000007  002DAA      5B46       0  CODE        2
                text53                         002DAA  000007  002DB1      5B54       0  CODE        2
                text107                        002DB1  000008  002DB9      5B62       0  CODE        2
                text87                         002DB9  000008  002DC1      5B72       0  CODE        2
                text108                        002DC1  000009  002DCA      5B82       0  CODE        2
                text86                         002DCA  000009  002DD3      5B94       0  CODE        2
                text85                         002DD3  000009  002DDC      5BA6       0  CODE        2
                text84                         002DDC  000009  002DE5      5BB8       0  CODE        2
                text83                         002DE5  000009  002DEE      5BCA       0  CODE        2
                text82                         002DEE  000009  002DF7      5BDC       0  CODE        2
                text67                         002DF7  000009  002E00      5BEE       0  CODE        2
                idataBANK3                     002E00  00000A  002E0A      5C00       0  CODE        2
                text89                         002E0A  00000B  002E15      5C14       0  CODE        2
                text80                         002E15  00000C  002E21      5C2A       0  CODE        2
                text74                         002E21  00000C  002E2D      5C42       0  CODE        2
                text11                         002E2D  00000C  002E39      5C5A       0  CODE        2
                text125                        002E39  00000D  002E46      5C72       0  CODE        2
                text75                         002E46  00000D  002E53      5C8C       0  CODE        2
                text60                         002E53  00000D  002E60      5CA6       0  CODE        2
                text59                         002E60  00000D  002E6D      5CC0       0  CODE        2
                text58                         002E6D  00000D  002E7A      5CDA       0  CODE        2
                text36                         002E7A  00000D  002E87      5CF4       0  CODE        2
                text35                         002E87  00000D  002E94      5D0E       0  CODE        2
                text34                         002E94  00000D  002EA1      5D28       0  CODE        2
                text33                         002EA1  00000D  002EAE      5D42       0  CODE        2
                text4                          002EAE  00000D  002EBB      5D5C       0  CODE        2
                text14                         002EBB  00000E  002EC9      5D76       0  CODE        2
                text88                         002EC9  00000F  002ED8      5D92       0  CODE        2
                text9                          002ED8  00000F  002EE7      5DB0       0  CODE        2
                text127                        002EE7  000010  002EF7      5DCE       0  CODE        2
                text77                         002EF7  000010  002F07      5DEE       0  CODE        2
                text71                         002F07  000010  002F17      5E0E       0  CODE        2
                text124                        002F17  000011  002F28      5E2E       0  CODE        2
                text123                        002F28  000011  002F39      5E50       0  CODE        2
                text122                        002F39  000011  002F4A      5E72       0  CODE        2
                text1                          002F4A  000013  002F5D      5E94       0  CODE        2
                text70                         002F5D  000015  002F72      5EBA       0  CODE        2
                text45                         002F72  000016  002F88      5EE4       0  CODE        2
                text43                         002F88  000017  002F9F      5F10       0  CODE        2
                text120                        002F9F  000018  002FB7      5F3E       0  CODE        2
                text69                         002FB7  000018  002FCF      5F6E       0  CODE        2
                text68                         002FCF  000018  002FE7      5F9E       0  CODE        2
                text65                         002FE7  000019  003000      5FCE       0  CODE        2
                stringtext12                   003000  000660  003660      6000       0  STRCODE     2


UNUSED ADDRESS RANGES

        Name                Unused          Largest block    Delta
        BANK0            000006D-000006F                 3           1
        BANK1            00000EF-00000EF                 1           1
        BANK10           0000520-000056F                50           1
        BANK11           00005A0-00005EF                50           1
        BANK12           0000620-000064F                30           1
        BANK2            0000149-000016F                27           1
        BANK3            00001E7-00001EF                 9           1
        BANK4            0000252-000026F                1E           1
        BANK5            00002EB-00002EF                 5           1
        BANK6            0000320-000036F                50           1
        BANK7            00003A0-00003EF                50           1
        BANK8            0000420-000046F                50           1
        BANK9            00004A0-00004EF                50           1
        BIGRAM           0002000-00023EF               3F0           1
        CODE             0002968-0002D12               3AB           2
                         0003660-0003FFF               1A0
        CONST            0002968-0002D12               100           2
                         0003660-0003FFF               100
        EEDATA           000F000-000F0FF               100           2
        ENTRY            0002968-0002D12               100           2
                         0003660-0003FFF               100
        RAM              000006D-000006F                 3           1
                         00000EF-00000EF                 1
                         0000149-000016F                27
                         00001E7-00001EF                 9
                         0000252-000026F                1E
                         00002EB-00002EF                 5
                         0000320-000036F                50
                         00003A0-00003EF                50
                         0000420-000046F                50
                         00004A0-00004EF                50
                         0000520-000056F                50
                         00005A0-00005EF                50
                         0000620-000064F                30
        SFR0             0000000-000001F                20           1
        SFR1             0000080-000009F                20           1
        SFR10            0000500-000051F                20           1
        SFR11            0000580-000059F                20           1
        SFR12            0000600-000061F                20           1
        SFR13            0000680-00006EF                70           1
        SFR14            0000700-000076F                70           1
        SFR15            0000780-00007EF                70           1
        SFR16            0000800-000086F                70           1
        SFR17            0000880-00008EF                70           1
        SFR18            0000900-000096F                70           1
        SFR19            0000980-00009EF                70           1
        SFR2             0000100-000011F                20           1
        SFR20            0000A00-0000A6F                70           1
        SFR21            0000A80-0000AEF                70           1
        SFR22            0000B00-0000B6F                70           1
        SFR23            0000B80-0000BEF                70           1
        SFR24            0000C00-0000C6F                70           1
        SFR25            0000C80-0000CEF                70           1
        SFR26            0000D00-0000D6F                70           1
        SFR27            0000D80-0000DEF                70           1
        SFR28            0000E00-0000E6F                70           1
        SFR29            0000E80-0000EEF                70           1
        SFR3             0000180-000019F                20           1
        SFR30            0000F00-0000F6F                70           1
        SFR31            0000F80-0000FEF                70           1
        SFR4             0000200-000021F                20           1
        SFR5             0000280-000029F                20           1
        SFR6             0000300-000031F                20           1
        SFR7             0000380-000039F                20           1
        SFR8             0000400-000041F                20           1
        SFR9             0000480-000049F                20           1
        STACK            00021DB-00023EF               215           1
        STRCODE          0002968-0002D12               3AB           2
                         0003660-0003FFF               9A0
        STRING           0002968-0002D12               100           2
                         0003660-0003FFF               100

                                  Symbol Table

?_ADC_GetConversion                            cstackBANK0      0000023
?___aodiv                                      cstackBANK0      0000023
?___aomod                                      cstackBANK0      0000023
?_abs                                          cstackBANK0      0000036
?_dtoa                                         cstackBANK0      000003F
?_pad                                          cstackBANK0      0000036
?_printf                                       cstackBANK1      00000AD
?_sprintf                                      cstackBANK1      00000AD
?_strcat                                       cstackBANK0      0000033
?_strlen                                       cstackBANK0      0000023
?_vfpfcnvrt                                    cstackBANK0      000005D
?_vfprintf                                     cstackBANK0      0000064
ADC_GetConversion@channel                      cstackBANK0      0000026
EUSART_Read@readValue                          cstackBANK0      0000024
EUSART_SetErrorHandler@interruptHandler        cstackBANK0      0000023
EUSART_SetFramingErrorHandler@interruptHandler cstackBANK0      0000023
EUSART_SetOverrunErrorHandler@interruptHandler cstackBANK0      0000023
EUSART_SetRxInterruptHandler@interruptHandler  cstackBANK0      0000023
EUSART_SetTxInterruptHandler@interruptHandler  cstackBANK0      0000023
EUSART_Write@txData                            cstackBANK0      0000024
I2C_CallbackReturnReset@funPtr                 cstackCOMMON     0000079
I2C_MasterSendTxData@data                      cstackCOMMON     0000070
I2C_Master_Write@data                          cstackBANK0      0000023
I2C_SetBuffer@buffer                           cstackCOMMON     0000073
I2C_SetBuffer@bufferSize                       cstackCOMMON     0000070
I2C_SetCallback@cb                             cstackCOMMON     0000070
I2C_SetCallback@idx                            cstackCOMMON     0000074
I2C_SetCallback@ptr                            cstackCOMMON     0000072
I2C_SetDataCompleteCallback@cb                 cstackCOMMON     0000075
I2C_SetDataCompleteCallback@ptr                cstackCOMMON     0000077
IO_Expander_Write@Data                         cstackBANK0      0000024
LCD_CMD@CMD                                    cstackBANK0      0000028
LCD_Init@I2C_Add                               cstackBANK0      000002B
LCD_Set_Cursor@COL                             cstackBANK0      0000029
LCD_Set_Cursor@ROW                             cstackBANK0      000002C
LCD_Write_4Bit@Nibble                          cstackBANK0      0000026
LCD_Write_Char@Data                            cstackBANK0      0000028
LCD_Write_String@Str                           cstackBANK0      0000029
LCD_Write_String@i                             cstackBANK0      000002C
_ACKDT                                         (abs)            00010B5
_ACKEN                                         (abs)            00010B4
_ACKSTAT                                       (abs)            00010B6
_ADCON0                                        (abs)            000009D
_ADCON0bits                                    (abs)            000009D
_ADCON1                                        (abs)            000009E
_ADC_GetConversion                             text90           0002127
_ADC_Initialize                                text87           0002DB9
_ADRESH                                        (abs)            000009C
_ADRESL                                        (abs)            000009B
_ANSELA                                        (abs)            000018C
_ANSELB                                        (abs)            000018D
_ANSELD                                        (abs)            000018F
_ANSELE                                        (abs)            0000190
_APFCON                                        (abs)            000011D
_BAUDCON                                       (abs)            000019F
_BORCON                                        (abs)            0000116
_BackLight_State                               dataBANK1        00000EE
_EEADRH                                        (abs)            0000192
_EEADRL                                        (abs)            0000191
_EECON1bits                                    (abs)            0000195
_EECON2                                        (abs)            0000196
_EEDATH                                        (abs)            0000194
_EEDATL                                        (abs)            0000193
_EUSART_DefaultErrorHandler                    text134          0002D26
_EUSART_DefaultFramingErrorHandler             text133          0002D13
_EUSART_DefaultOverrunErrorHandler             text132          0002D2A
_EUSART_ErrorHandler                           bssBANK3         00001D7
_EUSART_FramingErrorHandler                    bssBANK2         0000145
[...]
displayManagerSlave@s4                         cstackBANK0      000003E
dtoa@d                                         cstackBANK0      000003F
dtoa@fp                                        cstackBANK0      000004A
dtoa@i                                         cstackBANK0      000005B
dtoa@n                                         cstackBANK0      0000053
dtoa@p                                         cstackBANK0      000004D
dtoa@s                                         cstackBANK0      0000051
dtoa@w                                         cstackBANK0      000004F
end_of_initialization                          cinit            000008B
errorAlert@i                                   cstackBANK0      000002A
errorAlert@j                                   cstackBANK0      0000028
fputc@c                                        cstackBANK0      0000026
fputc@fp                                       cstackBANK0      0000028
fputs@c                                        cstackBANK0      0000032
fputs@fp                                       cstackBANK0      000002E
fputs@i                                        cstackBANK0      0000033
fputs@s                                        cstackBANK0      0000035
getBLEindentifier@bleCode                      cstackBANK0      0000033
getBLEindentifier@i                            cstackBANK0      0000034
getCharacterFormRx@N                           cstackBANK0      000002E
getCharacterFormRx@i                           cstackBANK0      000002F
getCharacterFormRx@reading                     cstackBANK0      000002C
getRS232@reception                             cstackBANK0      0000026
getSlaveStatus@code                            cstackBANK0      0000024
getSlaveStatus@slaveResponse                   cstackBANK0      0000025
init_ram                                       inittext         0002D9D
initialConditions@autom                        cstackBANK1      00000B4
initialConditions@prog                         cstackBANK1      00000B6
initialConditions@testAct                      cstackBANK1      00000B0
initialConditions@testVoy                      cstackBANK1      00000B2
int$flags                                      (abs)            000007E
intlevel0                                      functab          0000000
intlevel1                                      functab          0000000
intlevel2                                      functab          0000000
intlevel3                                      functab          0000000
intlevel4                                      functab          0000000
intlevel5                                      functab          0000000
ledConforme@active                             cstackBANK0      0000023
ledNonConforme@active                          cstackBANK0      0000023
ledProgession@active                           cstackBANK0      0000023
main@automatique                               cstackBANK5      00002C9
main@bleCode                                   cstackBANK5      00002A0
main@buffer                                    cstackBANK5      00002B5
main@buffer_1765                               cstackBANK5      00002B7
main@lectureAN1                                cstackBANK5      00002C1
main@master                                    cstackBANK5      00002B9
main@orderFormWin                              cstackBANK5      00002C5
main@pap                                       cstackBANK5      00002BF
main@programmation                             cstackBANK5      00002C8
main@slaveInTest                               cstackBANK5      00002C6
main@slaveSummary                              cstackBANK5      00002C4
main@slaveWaiting                              cstackBANK5      00002C3
main@slectureAN1                               cstackBANK5      00002BA
main@testActif                                 cstackBANK5      00002CA
main@testLeds                                  cstackBANK5      00002C0
main@testVoyants                               cstackBANK5      00002C7
okAlert@i                                      cstackBANK1      00000B1
pad@buf                                        cstackBANK0      0000036
pad@fp                                         cstackBANK0      000003E
pad@i                                          cstackBANK0      000003A
pad@p                                          cstackBANK0      0000037
pad@w                                          cstackBANK0      000003C
pnum$maintext                                  (abs)            000008F
pnum$maintext_split_1                          (abs)            0000119
pnum$maintext_split_2                          (abs)            000011A
pnum$maintext_split_3                          (abs)            000011B
pressBP1@active                                cstackBANK0      0000023
pressBP2@active                                cstackBANK0      0000023
printf@ap                                      cstackBANK1      00000AF
printf@fmt                                     cstackBANK1      00000AD
processActionForSlave@autom                    cstackBANK1      00000BA
processActionForSlave@echo_2367                cstackBANK1      00000B7
processActionForSlave@ordreFromWin             cstackBANK1      00000B3
processActionForSlave@prog                     cstackBANK1      00000B1
processActionForSlave@responseSlave            cstackBANK1      00000B6
processActionForSlave@responseSlave_2369       cstackBANK1      00000B8
processActionForSlave@responseSlave_2376       cstackBANK1      00000B9
processActionForSlave@testAct                  cstackBANK1      00000B0
processActionForSlave@testSlaveActive          cstackBANK1      00000B2
processSlaveResponse@repSlave                  cstackBANK1      00000B4
processSlaveResponse@slaveIsWaiting            cstackBANK1      00000B0
psplit$0                                       (abs)            08F0119
psplit$1                                       (abs)            119011A
psplit$2                                       (abs)            11A011B
putch@txData                                   cstackBANK0      0000025
rd1RegCompleteHandler@ptr                      cstackCOMMON     0000079
rd2RegCompleteHandler@ptr                      cstackCOMMON     0000079
rdBlkRegCompleteHandler@ptr                    cstackCOMMON     0000079
reponseOperateur@automatique                   cstackBANK0      0000028
reponseOperateur@reception                     cstackBANK0      0000027
reponseOperateur@repOperateur                  cstackBANK0      000002A
reponseOperateur@reponse                       cstackBANK0      0000029
reset_vec                                      reset_vec        0000000
setCharacterBit@K                              cstackBANK0      0000025
setCharacterBit@N                              cstackBANK0      0000028
setCharacterBit@reading                        cstackBANK0      0000023
setHorloge@active                              cstackBANK0      0000023
setP1@active                                   cstackBANK0      0000023
setP2@active                                   cstackBANK0      0000023
sortieErreur@autom                             cstackBANK1      00000B8
sortieErreur@prog                              cstackBANK1      00000BE
sortieErreur@testAct                           cstackBANK1      00000BA
sortieErreur@testVoy                           cstackBANK1      00000BC
sprintf@ap                                     cstackBANK1      00000B3
sprintf@f                                      cstackBANK1      00000B5
sprintf@fmt                                    cstackBANK1      00000AD
sprintf@ret                                    cstackBANK1      00000B1
sprintf@s                                      cstackBANK1      00000B4
start                                          init             000004A
startAlert@i                                   cstackBANK0      0000028
startPhaseBLE@i                                cstackBANK0      0000026
startPhaseBLE@phase                            cstackBANK0      0000023
start_initialization                           cinit            000004C
strcat@dest                                    cstackBANK0      0000033
strcat@src                                     cstackBANK0      0000035
strcpy@d                                       cstackBANK0      0000031
strcpy@dest                                    cstackBANK0      0000027
strcpy@s                                       cstackBANK0      000002F
strcpy@src                                     cstackBANK0      0000029
strlen@a                                       cstackBANK0      0000025
strlen@s                                       cstackBANK0      0000023
testNOK@active                                 cstackBANK0      0000024
testNOK@result                                 cstackBANK0      0000023
testOK@active                                  cstackBANK0      0000024
testOK@result                                  cstackBANK0      0000023
testR1@active                                  cstackBANK0      0000024
testR1@result                                  cstackBANK0      0000023
testR2@active                                  cstackBANK0      0000024
testR2@result                                  cstackBANK0      0000023
testR3@active                                  cstackBANK0      0000024
testR3@result                                  cstackBANK0      0000023
vfpfcnvrt@ap                                   cstackBANK0      000005E
vfpfcnvrt@fmt                                  cstackBANK0      000005D
vfpfcnvrt@fp                                   cstackBANK1      00000A9
vfpfcnvrt@ll                                   cstackBANK1      00000A0
vfpfcnvrt@vp                                   cstackBANK1      00000A8
vfprintf@ap                                    cstackBANK0      0000066
vfprintf@cfmt                                  cstackBANK1      00000AB
vfprintf@fmt                                   cstackBANK0      0000064
vfprintf@fp                                    cstackBANK1      00000AA
wr1RegCompleteHandler@ptr                      cstackCOMMON     0000079
wr2RegCompleteHandler@ptr                      cstackCOMMON     0000079
wtemp0                                         (abs)            000007E


MODULE INFORMATION

Module		Function		Class		Link	Load	Size
C:\Program Files\Microchip\xc8\v2.32\pic\sources\c99\common\nf_sprintf.c
		_sprintf       		CODE           	24BE	0000	56

C:\Program Files\Microchip\xc8\v2.32\pic\sources\c99\common\nf_sprintf.c estimated size: 56

C:\Program Files\Microchip\xc8\v2.32\pic\sources\c99\common\doprnt.c
		_vfpfcnvrt     		CODE           	1D8C	0000	290
		_pad           		CODE           	27A4	0000	92
		_dtoa          		CODE           	10DA	0000	368
		_vfprintf      		CODE           	248A	0000	52

C:\Program Files\Microchip\xc8\v2.32\pic\sources\c99\common\doprnt.c estimated size: 802

mcc_generated_files/interrupt_manager.c
		_INTERRUPT_InterruptManager		CODE           	0004	0000	70

mcc_generated_files/interrupt_manager.c estimated size: 70

mcc_generated_files/examples/i2c_master_example.c
		_wr1RegCompleteHandler		CODE           	2000	0000	17
		_wr2RegCompleteHandler		CODE           	2F17	0000	17
		_rdBlkRegCompleteHandler		CODE           	2F9F	0000	24
		_rd1RegCompleteHandler		CODE           	2F28	0000	17
		_rd2RegCompleteHandler		CODE           	2F39	0000	17

mcc_generated_files/examples/i2c_master_example.c estimated size: 92

mcc_generated_files/pin_manager.c
		_PIN_MANAGER_Initialize		CODE           	20CA	0000	31

mcc_generated_files/pin_manager.c estimated size: 31

C:\Program Files\Microchip\xc8\v2.32\pic\sources\c99\common\nf_fputs.c
		_fputs         		CODE           	2266	0000	41

C:\Program Files\Microchip\xc8\v2.32\pic\sources\c99\common\nf_fputs.c estimated size: 41

mcc_generated_files/adc.c
		_ADC_Initialize		CODE           	2DB9	0000	8
		_ADC_GetConversion		CODE           	2127	0000	33

mcc_generated_files/adc.c estimated size: 41

I2C-tester.c
		_sendACQToSlave		CODE           	2D71	0000	5
		_sendOKToSlave 		CODE           	2D7B	0000	5
		_getSlaveSummary		CODE           	07FB	0000	5
		_sendNOKToSlave		CODE           	2D76	0000	5
		_startTestSlave		CODE           	0800	0000	5
		_endProgSlave  		CODE           	2D6C	0000	5
		_getSlaveStatus		CODE           	257D	0000	70
		_startProgSlave		CODE           	2D80	0000	5

I2C-tester.c estimated size: 105

C:\Program Files\Microchip\xc8\v2.32\pic\sources\c99\common\abs.c
		_abs           		CODE           	20AE	0000	28

C:\Program Files\Microchip\xc8\v2.32\pic\sources\c99\common\abs.c estimated size: 28

C:\Program Files\Microchip\xc8\v2.32\pic\sources\c99\common\aomod.c
		___aomod       		CODE           	1980	0000	237

C:\Program Files\Microchip\xc8\v2.32\pic\sources\c99\common\aomod.c estimated size: 237

shared
		__initialization		CODE           	004C	0000	63
		_i2c_fsmStateTable		STRCODE        	2800	0000	32

shared estimated size: 95

I2C_LCD.c
		_LCD_Init      		CODE           	18F4	0000	140
		_LCD_Write_4Bit		CODE           	2FB7	0000	24
		_LCD_Write_Char		CODE           	2FE7	0000	25
		_LCD_CMD       		CODE           	2FCF	0000	24
		_I2C_Master_Wait		CODE           	2E21	0000	12
		_I2C_Master_Init		CODE           	2E0A	0000	11
		_I2C_Master_Stop		CODE           	2D91	0000	6
		_I2C_Slave_Init		CODE           	2EC9	0000	15
		_LCD_Set_Cursor		CODE           	23CA	0000	47
		_LCD_Clear     		CODE           	2DF7	0000	9
		_IO_Expander_Write		CODE           	2F5D	0000	21
		_I2C_Master_Write		CODE           	2F07	0000	16
		_I2C_Master_Start		CODE           	2D8B	0000	6
		_LCD_Write_String		CODE           	2108	0000	31

I2C_LCD.c estimated size: 387

mcc_generated_files/mcc.c
		_WDT_Initialize		CODE           	1800	0000	4
		_OSCILLATOR_Initialize		CODE           	2E15	0000	12
		_SYSTEM_Initialize		CODE           	2EF7	0000	16

mcc_generated_files/mcc.c estimated size: 32

display.c
		_displayManagerMaster		CODE           	202A	0000	25
		_displayManagerSlave		CODE           	2011	0000	25
		_displayManager		CODE           	2653	0000	81

display.c estimated size: 131

C:\Program Files\Microchip\xc8\v2.32\pic\sources\c99\common\strcat.c
		_strcat        		CODE           	2F88	0000	23

C:\Program Files\Microchip\xc8\v2.32\pic\sources\c99\common\strcat.c estimated size: 23

mcc_generated_files/i2c_master.c
		_I2C_MasterStartRx		CODE           	2D1D	0000	3
		_I2C_DO_SEND_ADR_WRITE		CODE           	2DB1	0000	8
		_I2C_DO_SEND_STOP		CODE           	2D53	0000	5
		_I2C_MasterSendNack		CODE           	2D2E	0000	4
		_I2C_CallbackReturnStop		CODE           	2D15	0000	2
		_I2C_DO_SEND_ADR_READ		CODE           	2DC1	0000	9
		_I2C_DO_RX_NACK_STOP		CODE           	2D5D	0000	5
		_I2C_DO_SEND_RESTART		CODE           	2D4E	0000	5
		_I2C_DO_RX     		CODE           	2537	0000	70
		_I2C_DO_TX     		CODE           	26F6	0000	87
		_I2C_DO_IDLE   		CODE           	2D3F	0000	5
		_I2C_DO_RCEN   		CODE           	2DA3	0000	7
		_I2C_DO_RESET  		CODE           	2D67	0000	5
		_I2C_DO_RX_ACK 		CODE           	2D58	0000	5
		_I2C_MasterClearIrq		CODE           	1000	0000	3
		_I2C_MasterGetRxData		CODE           	2D20	0000	3
		_I2C_SetCallback		CODE           	228F	0000	42
		_I2C_DO_ADDRESS_NACK		CODE           	22E5	0000	45
		_I2C_MasterEnableRestart		CODE           	2D17	0000	3
		_I2C_CallbackReturnReset		CODE           	0002	0000	2
		_I2C_DO_TX_EMPTY		CODE           	239B	0000	47
		_I2C_DO_SEND_RESTART_WRITE		CODE           	2D49	0000	5
		_I2C_MasterIsNack		CODE           	2D85	0000	6
		_I2C_SetDataCompleteCallback		CODE           	2E39	0000	13
		_I2C_DO_RX_NACK_RESTART		CODE           	2D62	0000	5
		_I2C_MasterSendAck		CODE           	2D32	0000	4
		_I2C_MasterFsm 		CODE           	233F	0000	46
		_I2C_MasterIsr 		CODE           	2D36	0000	4
		_I2C_MasterSetIrq		CODE           	2D23	0000	3
		_I2C_DO_SEND_RESTART_READ		CODE           	2D44	0000	5
		_I2C_SetBuffer 		CODE           	2EE7	0000	16
		_I2C_MasterSendTxData		CODE           	2D3A	0000	5
		_I2C_MasterStop		CODE           	2D1A	0000	3

mcc_generated_files/i2c_master.c estimated size: 480

mcc_generated_files/eusart.c
		_EUSART_SetRxInterruptHandler		CODE           	2DE5	0000	9
		_EUSART_SetTxInterruptHandler		CODE           	2DEE	0000	9
		_putch         		CODE           	2DAA	0000	7
		_EUSART_Read   		CODE           	23F9	0000	47
		_EUSART_DefaultOverrunErrorHandler		CODE           	2D2A	0000	4
		_EUSART_Write  		CODE           	2312	0000	45
		_EUSART_DefaultErrorHandler		CODE           	2D26	0000	4
		_EUSART_Transmit_ISR		CODE           	2169	0000	34
		_EUSART_Initialize		CODE           	25C3	0000	72
		_EUSART_SetFramingErrorHandler		CODE           	2DD3	0000	9
		_EUSART_SetErrorHandler		CODE           	2DCA	0000	9
		_EUSART_SetOverrunErrorHandler		CODE           	2DDC	0000	9
		_EUSART_Receive_ISR		CODE           	24F6	0000	65
		_EUSART_RxDataHandler		CODE           	205D	0000	27
		_EUSART_DefaultFramingErrorHandler		CODE           	2D13	0000	1

mcc_generated_files/eusart.c estimated size: 351

C:\Program Files\Microchip\xc8\v2.32\pic\sources\c99\common\printf.c
		_printf        		CODE           	2F72	0000	22

C:\Program Files\Microchip\xc8\v2.32\pic\sources\c99\common\printf.c estimated size: 22

C:\Program Files\Microchip\xc8\v2.32\pic\sources\c99\common\nf_fputc.c
		_fputc         		CODE           	26A4	0000	82

C:\Program Files\Microchip\xc8\v2.32\pic\sources\c99\common\nf_fputc.c estimated size: 82

tester.c
		_okAlert       		CODE           	2148	0000	33
		_testR3        		CODE           	21D1	0000	35
		_processActionForSlave		CODE           	1A6D	0000	254
		_alerteDefaut  		CODE           	186B	0000	137
		_initialConditions		CODE           	07B0	0000	75
		_attenteDemarrage3		CODE           	0441	0000	879
		_setHorloge    		CODE           	2EAE	0000	13
		_errorAlert    		CODE           	260B	0000	72
		_alimenter     		CODE           	2E46	0000	13
		_testR1        		CODE           	218B	0000	35
		_ledProgession 		CODE           	2E6D	0000	13
		_attenteAquittement		CODE           	1804	0000	103
		_getBLEindentifier		CODE           	236D	0000	46
		_activeCLK     		CODE           	2EBB	0000	14
		_getCharacterFormRx		CODE           	1003	0000	66
		_startAlert    		CODE           	2219	0000	38
		_processSlaveResponse		CODE           	008F	0000	946
		_pressBP1      		CODE           	2E7A	0000	13
		_pressBP2      		CODE           	2E87	0000	13
		_setCharacterBit		CODE           	21F4	0000	37
		_releaseCLK    		CODE           	2E2D	0000	12
		_testNOK       		CODE           	2078	0000	27
		_ledConforme   		CODE           	2E53	0000	13
		_alerteDefautEtape16		CODE           	1EAE	0000	338
		_testR2        		CODE           	21AE	0000	35
		_waitForBleAcq 		CODE           	2F4A	0000	19
		_ledNonConforme		CODE           	2E60	0000	13
		_setP1         		CODE           	2E94	0000	13
		_testOK        		CODE           	2093	0000	27
		_activerTouche 		CODE           	20E9	0000	31
		_activerBuzzer 		CODE           	22B9	0000	44
		_startPhaseBLE 		CODE           	2428	0000	48
		_sortieErreur  		CODE           	274D	0000	87
		_setP2         		CODE           	2EA1	0000	13
		_getRS232      		CODE           	2ED8	0000	15
		_reponseOperateur		CODE           	1045	0000	149

tester.c estimated size: 3719

C:\Program Files\Microchip\xc8\v2.32\pic\sources\c99\common\aodiv.c
		___aodiv       		CODE           	1B6B	0000	261

C:\Program Files\Microchip\xc8\v2.32\pic\sources\c99\common\aodiv.c estimated size: 261

main.c
		_main          		CODE           	124A	0000	3789

main.c estimated size: 3789

C:\Program Files\Microchip\xc8\v2.32\pic\sources\c99\common\strlen.c
		_strlen        		CODE           	2043	0000	26

C:\Program Files\Microchip\xc8\v2.32\pic\sources\c99\common\strlen.c estimated size: 26

C:\Program Files\Microchip\xc8\v2.32\pic\sources\c99\common\strcpy.c
		_strcpy        		CODE           	223F	0000	39

C:\Program Files\Microchip\xc8\v2.32\pic\sources\c99\common\strcpy.c estimated size: 39

